[Dashboard] cwd: /home/rodrigogomes/dev_skrl
[Dashboard] cmd: /home/rodrigogomes/isaacsim_5.1.0/python.sh /home/rodrigogomes/dev_skrl/examples/rl/play.py --task quadcopter3_7 --algo ppo --preset isaac_lab --checkpoint /home/rodrigogomes/dev_skrl/examples/rl/logs/q3_logs/q3_7/checkpoints/best_agent.pt --n_envs 4 --record --record_dir /home/rodrigogomes/dev_skrl/examples/rl/play_records_web/quadcopter3_7_20260429_135858 --record_every 1 --num_episodes_per_env 4 --compare_lqr --headless
[Dashboard] record_dir: /home/rodrigogomes/dev_skrl/examples/rl/play_records_web/quadcopter3_7_20260429_135858
[Info] [carb] Logging to file: /home/rodrigogomes/isaacsim_5.1.0/kit/logs/Kit/Isaac-Sim Python/5.1/kit_20260429_135859.log
2026-04-29T12:58:59Z [0ms] [Warning] [carb.crashreporter-breakpad.plugin] [previous crash] preventing upload of minidump due to user opt-out: '/home/rodrigogomes/isaacsim_5.1.0/kit/data/Kit/Isaac-Sim Python/5.1/e55decb3-6439-4511-1e18c591-4a7d0181.dmp'
2026-04-29T12:58:59Z [0ms] [Warning] [carb.crashreporter-breakpad.plugin] [previous crash] preventing upload of minidump due to user opt-out: '/home/rodrigogomes/isaacsim_5.1.0/kit/data/Kit/Isaac-Sim Python/5.1/96ad024b-7eea-4690-57273d9d-18251788.dmp'
2026-04-29T12:58:59Z [1ms] [Warning] [carb.crashreporter-breakpad.plugin] [previous crash] preventing upload of minidump due to user opt-out: '/home/rodrigogomes/isaacsim_5.1.0/kit/data/Kit/Isaac-Sim Python/5.1/f608b34d-e157-486d-b9d1f186-0f35df09.dmp'
2026-04-29T12:58:59Z [1ms] [Warning] [carb.crashreporter-breakpad.plugin] [previous crash] preventing upload of minidump due to user opt-out: '/home/rodrigogomes/isaacsim_5.1.0/kit/data/Kit/Isaac-Sim Python/5.1/b1f0948d-9ef8-4b40-df2595bf-8a5aedb4.dmp'
2026-04-29T12:58:59Z [1ms] [Warning] [carb.crashreporter-breakpad.plugin] [previous crash] preventing upload of minidump due to user opt-out: '/home/rodrigogomes/isaacsim_5.1.0/kit/data/Kit/Isaac-Sim Python/5.1/a7f1f966-338e-48ce-10a92792-59656b20.dmp'
2026-04-29T12:58:59Z [1ms] [Warning] [carb.crashreporter-breakpad.plugin] [previous crash] preventing upload of minidump due to user opt-out: '/home/rodrigogomes/isaacsim_5.1.0/kit/data/Kit/Isaac-Sim Python/5.1/62fb1aa3-6640-4caf-e775e5a6-069fc553.dmp'
2026-04-29T12:58:59Z [1ms] [Warning] [carb.crashreporter-breakpad.plugin] [previous crash] preventing upload of minidump due to user opt-out: '/home/rodrigogomes/isaacsim_5.1.0/kit/data/Kit/Isaac-Sim Python/5.1/7ff438d5-9731-468d-14cfbfa6-ccf9753d.dmp'
2026-04-29T12:58:59Z [1ms] [Warning] [carb.crashreporter-breakpad.plugin] [previous crash] preventing upload of minidump due to user opt-out: '/home/rodrigogomes/isaacsim_5.1.0/kit/data/Kit/Isaac-Sim Python/5.1/0b4beda5-00b3-4c92-5c7a7aa2-69a8f2df.dmp'
2026-04-29T12:58:59Z [1ms] [Warning] [carb.crashreporter-breakpad.plugin] [previous crash] preventing upload of minidump due to user opt-out: '/home/rodrigogomes/isaacsim_5.1.0/kit/data/Kit/Isaac-Sim Python/5.1/d6b00058-b702-45fb-fa58b0ad-78f730e9.dmp'
2026-04-29T12:58:59Z [2ms] [Warning] [carb.crashreporter-breakpad.plugin] [previous crash] preventing upload of minidump due to user opt-out: '/home/rodrigogomes/isaacsim_5.1.0/kit/data/Kit/Isaac-Sim Python/5.1/c78a965f-60ef-4269-956e1d8d-19ab2b7b.dmp'
2026-04-29T12:58:59Z [2ms] [Warning] [carb.crashreporter-breakpad.plugin] [previous crash] preventing upload of minidump due to user opt-out: '/home/rodrigogomes/isaacsim_5.1.0/kit/data/Kit/Isaac-Sim Python/5.1/4121c365-578e-4209-3f9acfa2-624b278a.dmp'
2026-04-29T12:58:59Z [2ms] [Warning] [carb.crashreporter-breakpad.plugin] [previous crash] preventing upload of minidump due to user opt-out: '/home/rodrigogomes/isaacsim_5.1.0/kit/data/Kit/Isaac-Sim Python/5.1/2d7801cf-a0c4-4510-c9683b94-6f115d49.dmp'
2026-04-29T12:58:59Z [2ms] [Warning] [carb.crashreporter-breakpad.plugin] [previous crash] preventing upload of minidump due to user opt-out: '/home/rodrigogomes/isaacsim_5.1.0/kit/data/Kit/Isaac-Sim Python/5.1/9ad67fc7-1262-432b-95c4cc8a-ef339f75.dmp'
2026-04-29T12:58:59Z [2ms] [Warning] [carb.crashreporter-breakpad.plugin] [previous crash] preventing upload of minidump due to user opt-out: '/home/rodrigogomes/isaacsim_5.1.0/kit/data/Kit/Isaac-Sim Python/5.1/158b7fb5-51f2-4d63-c3ad2796-e3c8118b.dmp'
2026-04-29T12:58:59Z [2ms] [Warning] [carb.crashreporter-breakpad.plugin] [previous crash] preventing upload of minidump due to user opt-out: '/home/rodrigogomes/isaacsim_5.1.0/kit/data/Kit/Isaac-Sim Python/5.1/131e6a52-8e9d-4c0a-9b4e9d90-4eb918e5.dmp'
2026-04-29T12:58:59Z [2ms] [Warning] [carb.crashreporter-breakpad.plugin] [previous crash] preventing upload of minidump due to user opt-out: '/home/rodrigogomes/isaacsim_5.1.0/kit/data/Kit/Isaac-Sim Python/5.1/75430a12-5234-432f-140e31b7-afbbe3f7.dmp'
[0.025s] [ext: omni.kit.async_engine-0.0.3] startup
[0.228s] [ext: omni.metrics.core-0.0.3] startup
[0.228s] [ext: omni.client.lib-1.1.0] startup
[0.236s] [ext: omni.blobkey-1.1.2] startup
[0.236s] [ext: omni.stats-1.0.1] startup
[0.237s] [ext: omni.datastore-0.0.0] startup
[0.240s] [ext: omni.client-1.3.0] startup
[0.292s] [ext: omni.ujitso.default-1.0.0] startup
[0.294s] [ext: omni.hsscclient-1.1.2] startup
[0.296s] [ext: omni.gpu_foundation.shadercache.vulkan-1.0.0] startup
[0.297s] [ext: omni.assets.plugins-0.0.0] startup
[0.297s] [ext: omni.gpu_foundation-0.0.0] startup
[0.301s] [ext: carb.windowing.plugins-1.0.0] startup
2026-04-29T12:58:59Z [293ms] [Warning] [carb.windowing-glfw.plugin] GLFW initialization failed.
2026-04-29T12:58:59Z [293ms] [Warning] [carb] Failed to startup plugin carb.windowing-glfw.plugin (interfaces: [carb::windowing::IGLContext v1.0],[carb::windowing::IWindowing v1.5]) (impl: carb.windowing-glfw.plugin)
[0.302s] [ext: omni.kit.renderer.init-0.0.0] startup
2026-04-29T12:58:59Z [311ms] [Warning] [omni.platforminfo.plugin] failed to open the default display.  Can't verify X Server version.

|---------------------------------------------------------------------------------------------|
| Driver Version: 590.48.01     | Graphics API: Vulkan
|=============================================================================================|
| GPU | Name                             | Active | LDA | GPU Memory | Vendor-ID | LUID       |
|     |                                  |        |     |            | Device-ID | UUID       |
|     |                                  |        |     |            | Bus-ID    |            |
|---------------------------------------------------------------------------------------------|
| 0   | NVIDIA GeForce RTX 5090          | Yes: 0 |     | 32853   MB | 10de      | 0          |
|     |                                  |        |     |            | 2b85      | e62f0e78.. |
|     |                                  |        |     |            | 1         |            |
|=============================================================================================|
| OS: 24.04.3 LTS (Noble Numbat) ubuntu, Version: 24.04.3, Kernel: 6.17.0-19-generic
| Processor: AMD Ryzen 9 9950X 16-Core Processor
| Cores: 16 | Logical Cores: 32
|---------------------------------------------------------------------------------------------|
| Total Memory (MB): 128535 | Free Memory: 118463
| Total Page/Swap (MB): 8191 | Free Page/Swap: 7827
|---------------------------------------------------------------------------------------------|
2026-04-29T12:58:59Z [741ms] [Warning] [gpu.foundation.plugin] CPU performance profile is set to powersave. This profile sets the CPU to the lowest frequency reducing performance.
2026-04-29T12:58:59Z [751ms] [Warning] [gpu.foundation.plugin] PCIe link generation current (1) and maximum (5) for device 0 don't match.
[0.843s] [ext: omni.kit.pipapi-0.0.0] startup
[0.844s] [ext: omni.kit.pip_archive-0.0.0] startup
[0.844s] [ext: omni.pip.compute-1.6.3] startup
[0.844s] [ext: omni.materialx.libs-1.0.7] startup
[0.850s] [ext: omni.pip.cloud-1.4.3] startup
[0.851s] [ext: omni.isaac.core_archive-3.0.0] startup
[0.851s] [ext: omni.usd.config-1.0.6] startup
[0.853s] [ext: omni.gpucompute.plugins-0.0.0] startup
[0.853s] [ext: omni.usd.libs-1.0.1] startup
[0.903s] [ext: omni.mdl-56.0.3] startup
[0.916s] [ext: omni.iray.libs-0.0.0] startup
[0.919s] [ext: omni.mdl.neuraylib-0.2.12] startup
[0.921s] [ext: omni.kit.usd.mdl-1.1.5] startup
[0.980s] [ext: omni.services.pip_archive-0.16.0] startup
[0.980s] [ext: omni.isaac.ml_archive-3.0.4] startup
[0.980s] [ext: omni.kit.telemetry-0.5.2] startup
[0.999s] [ext: omni.kit.loop-isaac-1.3.7] startup
[0.999s] [ext: omni.kit.test-2.0.1] startup
[1.025s] [ext: omni.appwindow-1.1.10] startup
2026-04-29T12:59:00Z [1,016ms] [Warning] [carb.windowing-glfw.plugin] GLFW initialization failed.
2026-04-29T12:59:00Z [1,016ms] [Warning] [carb] Failed to startup plugin carb.windowing-glfw.plugin (interfaces: [carb::windowing::IGLContext v1.0],[carb::windowing::IWindowing v1.5]) (impl: carb.windowing-glfw.plugin)
[1.028s] [ext: omni.kit.renderer.core-1.1.0] startup
2026-04-29T12:59:00Z [1,028ms] [Warning] [carb.windowing-glfw.plugin] GLFW initialization failed.
2026-04-29T12:59:00Z [1,028ms] [Warning] [carb] Failed to startup plugin carb.windowing-glfw.plugin (interfaces: [carb::windowing::IGLContext v1.0],[carb::windowing::IWindowing v1.5]) (impl: carb.windowing-glfw.plugin)
2026-04-29T12:59:00Z [1,032ms] [Warning] [carb.windowing-glfw.plugin] GLFW initialization failed.
2026-04-29T12:59:00Z [1,032ms] [Warning] [carb] Failed to startup plugin carb.windowing-glfw.plugin (interfaces: [carb::windowing::IGLContext v1.0],[carb::windowing::IWindowing v1.5]) (impl: carb.windowing-glfw.plugin)
[1.042s] [ext: omni.kit.renderer.capture-0.0.0] startup
[1.043s] [ext: omni.kit.renderer.imgui-2.0.5] startup
2026-04-29T12:59:00Z [1,036ms] [Warning] [carb.windowing-glfw.plugin] GLFW initialization failed.
2026-04-29T12:59:00Z [1,036ms] [Warning] [carb] Failed to startup plugin carb.windowing-glfw.plugin (interfaces: [carb::windowing::IGLContext v1.0],[carb::windowing::IWindowing v1.5]) (impl: carb.windowing-glfw.plugin)
2026-04-29T12:59:00Z [1,037ms] [Warning] [carb.windowing-glfw.plugin] GLFW initialization failed.
2026-04-29T12:59:00Z [1,037ms] [Warning] [carb] Failed to startup plugin carb.windowing-glfw.plugin (interfaces: [carb::windowing::IGLContext v1.0],[carb::windowing::IWindowing v1.5]) (impl: carb.windowing-glfw.plugin)
2026-04-29T12:59:00Z [1,037ms] [Warning] [carb.windowing-glfw.plugin] GLFW initialization failed.
2026-04-29T12:59:00Z [1,037ms] [Warning] [carb] Failed to startup plugin carb.windowing-glfw.plugin (interfaces: [carb::windowing::IGLContext v1.0],[carb::windowing::IWindowing v1.5]) (impl: carb.windowing-glfw.plugin)
[1.073s] [ext: omni.ui-2.27.1] startup
[1.079s] [ext: omni.kit.mainwindow-1.0.3] startup
[1.080s] [ext: carb.audio-0.1.0] startup
[1.082s] [ext: omni.uiaudio-1.0.0] startup
[1.083s] [ext: omni.kit.uiapp-0.0.0] startup
[1.083s] [ext: omni.usd.schema.metrics.assembler-107.3.1] startup
[1.084s] [ext: omni.anim.behavior.schema-107.3.0] startup
[1.089s] [ext: omni.usd.schema.omnigraph-1.0.0] startup
[1.092s] [ext: omni.usd.schema.geospatial-0.0.0] startup
[1.094s] [ext: omni.usd.schema.anim-0.0.0] startup
[1.102s] [ext: omni.usd.schema.audio-0.0.0] startup
[1.104s] [ext: isaacsim.robot.schema-3.6.0] startup
[1.108s] [ext: omni.usd_resolver-1.0.0] startup
[1.110s] [ext: omni.usd.core-1.5.3] startup
[1.112s] [ext: omni.usd.schema.omni_sensors-0.0.0] startup
[1.121s] [ext: omni.usd.schema.semantics-0.0.0] startup
[1.122s] [ext: omni.usd.schema.omni_lens_distortion-0.0.0] startup
[1.123s] [ext: omni.usd.schema.render_settings.rtx-0.0.0] startup
[1.123s] [ext: omni.graph.exec-0.9.6] startup
[1.123s] [ext: omni.kit.actions.core-1.0.0] startup
[1.125s] [ext: omni.kit.usd_undo-0.1.8] startup
[1.125s] [ext: omni.kit.exec.core-0.13.4] startup
[1.126s] [ext: omni.kit.commands-1.4.10] startup
[1.128s] [ext: omni.kit.window.popup_dialog-2.0.24] startup
[1.130s] [ext: omni.activity.core-1.0.3] startup
[1.130s] [ext: omni.resourcemonitor-107.0.1] startup
[1.131s] [ext: omni.timeline-1.0.14] startup
[1.132s] [ext: omni.kit.widget.nucleus_connector-2.0.1] startup
[1.133s] [ext: usdrt.scenegraph-7.6.1] startup
[1.155s] [ext: omni.kit.audiodeviceenum-1.0.2] startup
[1.156s] [ext: omni.hydra.usdrt_delegate-7.5.1] startup
[1.159s] [ext: omni.hydra.scene_delegate-0.3.4] startup
[1.161s] [ext: omni.usd-1.13.10] startup
[1.176s] [ext: omni.kit.asset_converter-5.0.17] startup
[1.183s] [ext: omni.usd.schema.physx-107.3.26] startup
[1.203s] [ext: omni.anim.navigation.schema-107.3.3] startup
[1.204s] [ext: omni.inspect-1.0.2] startup
[1.205s] [ext: omni.kit.notification_manager-1.0.10] startup
[1.206s] [ext: omni.graph.core-2.184.5] startup
[1.208s] [ext: isaacsim.core.deprecation_manager-0.2.7] startup
[1.208s] [ext: omni.usd.schema.omniscripting-1.0.0] startup
[1.211s] [ext: omni.usd.schema.flow-107.1.1] startup
[1.211s] [ext: omni.anim.graph.schema-107.3.3] startup
[1.215s] [ext: omni.usd.schema.isaac-3.0.5] startup
[1.215s] [ext: isaacsim.core.version-2.0.6] startup
[1.216s] [ext: omni.ui.scene-1.11.5] startup
[1.218s] [ext: isaacsim.storage.native-1.5.1] startup
[1.219s] [ext: omni.kit.widget.options_menu-1.1.6] startup
[1.221s] [ext: omni.kit.menu.core-1.1.2] startup
[1.221s] [ext: omni.graph.tools-1.79.2] startup
[1.234s] [ext: omni.kit.widget.filter-1.1.4] startup
[1.234s] [ext: omni.kit.menu.utils-2.0.5] startup
[1.238s] [ext: omni.graph-1.141.2] startup
[1.262s] [ext: omni.kit.hotkeys.core-1.3.10] startup
[1.263s] [ext: omni.anim.curve.core-1.3.1] startup
[1.271s] [ext: omni.kit.clipboard-1.0.5] startup
[1.272s] [ext: omni.usdphysics-107.3.26] startup
[1.274s] [ext: omni.physx.foundation-107.3.26] startup
[1.275s] [ext: omni.kit.widget.context_menu-1.2.5] startup
[1.276s] [ext: omni.kit.helper.file_utils-0.1.9] startup
[1.277s] [ext: omni.kit.widget.path_field-2.0.11] startup
[1.277s] [ext: omni.kvdb-107.3.26] startup
[1.278s] [ext: omni.kit.widget.options_button-1.0.3] startup
[1.279s] [ext: omni.kit.widget.filebrowser-2.12.3] startup
[1.281s] [ext: omni.kit.widget.browser_bar-2.0.10] startup
[1.282s] [ext: omni.localcache-107.3.26] startup
[1.283s] [ext: omni.convexdecomposition-107.3.26] startup
[1.284s] [ext: omni.kit.window.filepicker-2.13.4] startup
[1.292s] [ext: omni.physx.cooking-107.3.26] startup
[1.294s] [ext: omni.physics-107.3.26] startup
[1.295s] [ext: omni.kit.window.file_exporter-1.0.33] startup
[1.297s] [ext: omni.kit.stage_template.core-1.1.22] startup
[1.297s] [ext: omni.physx-107.3.26] startup
[1.303s] [ext: omni.kit.usd.layers-2.2.11] startup
[1.307s] [ext: omni.kit.window.file_importer-1.1.18] startup
[1.308s] [ext: omni.physics.physx-107.3.26] startup
2026-04-29T12:59:00Z [1,300ms] [Warning] [carb] Acquiring non optional plugin interface which is not listed as dependency: [omni::physx::IPhysxBenchmarks v1.0] (plugin: <default plugin>), by client: omni.physics.physx.plugin. Add it to CARB_PLUGIN_IMPL_DEPS() macro of a client.
[1.309s] [ext: omni.kit.numpy.common-0.1.3] startup
[1.310s] [ext: omni.kit.window.file-2.0.5] startup
[1.312s] [ext: omni.physics.stageupdate-107.3.26] startup
[1.314s] [ext: omni.kit.window.drop_support-1.0.5] startup
[1.314s] [ext: omni.kit.window.content_browser_registry-0.0.6] startup
[1.315s] [ext: omni.isaac.dynamic_control-2.0.7] startup
2026-04-29T12:59:00Z [1,308ms] [Warning] [omni.isaac.dynamic_control] omni.isaac.dynamic_control is deprecated as of Isaac Sim 4.5. No action is needed from end-users.
[1.318s] [ext: omni.kit.window.content_browser-3.1.3] startup
[1.325s] [ext: omni.graph.action_core-1.1.7] startup
[1.326s] [ext: omni.kit.usd.collect-2.4.5] startup
[1.327s] [ext: isaacsim.gui.content_browser-0.1.11] startup
[1.329s] [ext: omni.graph.action_nodes-1.50.4] startup
[1.331s] [ext: omni.kit.widget.prompt-1.0.7] startup
[1.333s] [ext: omni.graph.action-1.130.0] startup
[1.334s] [ext: omni.kit.tool.collect-2.2.18] startup
[1.337s] [ext: omni.index.libs-380600.8087.0] startup
[1.338s] [ext: omni.ujitso.client-0.0.0] startup
[1.338s] [ext: omni.index-1.0.1] startup
[1.339s] [ext: omni.volume-0.5.2] startup
[1.340s] [ext: omni.hydra.rtx.shadercache.vulkan-1.0.0] startup
[1.342s] [ext: omni.kit.context_menu-1.8.6] startup
[1.344s] [ext: omni.hydra.rtx-1.0.0] startup
2026-04-29T12:59:00Z [1,346ms] [Warning] [omni.log] Source: omni.hydra was already registered.
[1.365s] [ext: omni.kit.material.library-2.0.7] startup
[1.370s] [ext: omni.hydra.engine.stats-1.0.3] startup
[1.372s] [ext: omni.kit.widget.stage_icons-1.0.8] startup
[1.373s] [ext: omni.kit.viewport.scene_camera_model-1.0.6] startup
[1.375s] [ext: omni.kit.hydra_texture-1.4.6] startup
[1.377s] [ext: omni.kit.viewport.legacy_gizmos-1.0.19] startup
[1.379s] [ext: omni.kit.widget.searchfield-1.1.8] startup
[1.380s] [ext: omni.kit.widget.viewport-107.1.3] startup
[1.382s] [ext: omni.kit.viewport.registry-104.0.6] startup
[1.383s] [ext: omni.kit.raycast.query-1.1.0] startup
[1.386s] [ext: omni.kit.widget.stage-3.1.4] startup
[1.393s] [ext: omni.kit.widget.zoombar-1.0.6] startup
[1.393s] [ext: omni.kit.viewport.window-107.2.0] startup
[1.404s] [ext: omni.kit.window.stage-2.6.1] startup
[1.406s] [ext: omni.kit.browser.core-2.3.13] startup
[1.408s] [ext: omni.kit.menu.stage-1.2.7] startup
[1.409s] [ext: omni.kit.browser.folder.core-1.10.9] startup
[1.412s] [ext: omni.kit.property.adapter.core-1.0.2] startup
[1.414s] [ext: omni.kit.widget.highlight_label-1.0.3] startup
[1.415s] [ext: omni.kit.property.adapter.usd-1.0.2] startup
[1.416s] [ext: omni.ui_query-1.1.8] startup
[1.416s] [ext: omni.kit.window.property-1.12.1] startup
[1.418s] [ext: omni.kit.property.adapter.fabric-1.0.3] startup
[1.419s] [ext: omni.kit.ui_test-1.3.7] startup
[1.420s] [ext: omni.kit.property.usd-4.5.12] startup
[1.427s] [ext: omni.kit.viewport.utility-1.1.2] startup
[1.429s] [ext: omni.kit.manipulator.viewport-107.0.1] startup
[1.430s] [ext: omni.kit.usdz_export-1.0.9] startup
[1.431s] [ext: omni.kit.window.extensions-1.4.27] startup
[1.434s] [ext: omni.graph.visualization.nodes-2.1.3] startup
[1.438s] [ext: omni.kit.tool.asset_importer-4.3.2] startup
[1.445s] [ext: isaacsim.gui.components-1.2.1] startup
[1.448s] [ext: isaacsim.examples.browser-0.2.1] startup
[1.450s] [ext: isaacsim.asset.importer.urdf-2.4.30] startup
[1.486s] [ext: omni.kit.menu.create-2.0.1] startup
[1.488s] [ext: omni.physics.tensors-107.3.26] startup
[1.495s] [ext: omni.usd.metrics.assembler-107.3.1] startup
[1.497s] [ext: omni.kit.widget.graph-2.0.0] startup
[1.500s] [ext: omni.kit.widget.searchable_combobox-1.0.6] startup
[1.501s] [ext: omni.warp.core-1.8.2] startup
[1.621s] [ext: omni.usd.metrics.assembler.physics-107.3.26] startup
[1.622s] [ext: omni.kit.graph.delegate.default-1.2.3] startup
[1.623s] [ext: omni.kit.scripting-107.3.2] startup
[1.626s] [ext: omni.physx.tensors-107.3.26] startup
[1.629s] [ext: isaacsim.core.utils-3.5.1] startup
[1.631s] [ext: omni.anim.asset-107.3.0] startup
[1.633s] [ext: isaacsim.core.simulation_manager-1.4.4] startup
[1.776s] [ext: omni.graph.scriptnode-1.50.0] startup
[1.779s] [ext: omni.kit.graph.editor.core-1.5.3] startup
[1.782s] [ext: omni.kit.widget.settings-1.2.6] startup
[1.784s] [ext: omni.kit.primitive.mesh-1.0.17] startup
[1.788s] [ext: isaacsim.core.prims-0.6.1] startup
[1.804s] [ext: omni.kit.widget.material_preview-1.0.16] startup
[1.807s] [ext: omni.kit.graph.usd.commands-1.3.1] startup
[1.807s] [ext: omni.graph.image.core-0.6.1] startup
[1.808s] [ext: omni.kit.window.preferences-1.8.0] startup
[1.812s] [ext: omni.kit.stage_templates-2.0.0] startup
[1.813s] [ext: isaacsim.asset.browser-1.3.23] startup
[1.850s] [ext: omni.graph.image.nodes-1.3.1] startup
[1.851s] [ext: omni.kit.viewport.menubar.core-107.2.1] startup
[1.858s] [ext: isaacsim.core.api-4.8.0] startup
[1.864s] [ext: omni.kit.window.material_graph-1.9.1] startup
[1.869s] [ext: omni.kit.viewport.actions-107.0.2] startup
[1.872s] [ext: omni.graph.nodes-1.170.10] startup
[1.878s] [ext: omni.syntheticdata-0.6.13] startup
[1.893s] [ext: omni.isaac.assets_check-0.3.13] startup
2026-04-29T12:59:01Z [1,885ms] [Warning] [omni.isaac.assets_check] omni.isaac.assets_check has been deprecated in favor of isaacsim.asset.browser. Please update your code accordingly.
[1.893s] [ext: isaacsim.core.cloner-1.4.10] startup
[1.896s] [ext: omni.kit.viewport.menubar.display-107.0.3] startup
[1.899s] [ext: omni.graph.ui_nodes-1.50.5] startup
[1.904s] [ext: omni.videoencoding-0.1.2] startup
[1.907s] [ext: omni.isaac.cloner-1.0.7] startup
2026-04-29T12:59:01Z [1,899ms] [Warning] [omni.isaac.cloner] omni.isaac.cloner has been deprecated in favor of isaacsim.core.cloner. Please update your code accordingly.
[1.909s] [ext: isaacsim.gui.sensors.icon-2.0.3] startup
[1.927s] [ext: omni.warp-1.8.2] startup
[1.932s] [ext: omni.anim.retarget.core-107.3.3] startup
[1.936s] [ext: omni.debugdraw-0.1.4] startup
[1.938s] [ext: omni.replicator.core-1.12.27] startup
2026-04-29T12:59:01Z [1,945ms] [Warning] [pxr.Semantics] pxr.Semantics is deprecated - please use Semantics instead
2026-04-29T12:59:01Z [2,032ms] [Warning] [omni.graph.core.plugin] Found duplicate of category 'Replicator' - was 'Annotators', adding 'Fabric Reader'
2026-04-29T12:59:01Z [2,032ms] [Warning] [omni.graph.core.plugin] Category 'Replicator' not accepted on node type 'omni.replicator.core.FabricReader' in extension 'omni.replicator.core'
2026-04-29T12:59:01Z [2,033ms] [Warning] [omni.replicator.core.scripts.extension] No material configuration file, adding configuration to material settings directly.
[2.044s] [ext: omni.kit.quicklayout-1.0.8] startup
[2.046s] [ext: omni.anim.navigation.core-107.3.8] startup
[2.052s] [ext: omni.anim.graph.core-107.3.4] startup
[2.062s] [ext: omni.metropolis.utils-0.1.20] startup
2026-04-29T12:59:01Z [2,082ms] [Warning] [omni.graph.core._impl._registration.register_python_ogn] Python import process in omni.anim.graph.core failed - 'NoneType' object is not subscriptable. Aborting Python node registration
[2.101s] [ext: isaacsim.asset.importer.mjcf-2.5.13] startup
[2.110s] [ext: omni.anim.people-0.7.9] startup
[2.119s] [ext: isaacsim.test.docstring-1.1.0] startup
[2.123s] [ext: isaacsim.core.experimental.utils-0.3.0] startup
[2.127s] [ext: isaacsim.anim.robot-0.0.15] startup
[2.229s] [ext: isaacsim.core.experimental.prims-0.8.1] startup
[2.455s] [ext: isaacsim.core.nodes-3.4.3] startup
[2.462s] [ext: omni.flowusd-107.1.8] startup
2026-04-29T12:59:01Z [2,455ms] [Warning] [omni.stageupdate.plugin] Deprecated: direct use of IStageUpdate callbacks is deprecated. Use IStageUpdate::getStageUpdate instead.
[2.467s] [ext: omni.sensors.nv.common-3.0.0] startup
[2.474s] [ext: isaacsim.core.experimental.materials-0.4.0] startup
[2.485s] [ext: omni.isaac.core-4.0.7] startup
2026-04-29T12:59:01Z [2,480ms] [Warning] [omni.isaac.core.physics_context.physics_context] omni.isaac.core.physics_context.physics_context has been deprecated in favor of isaacsim.core.api.physics_context.physics_context. Please update your code accordingly.
2026-04-29T12:59:01Z [2,481ms] [Warning] [omni.isaac.core.simulation_context.simulation_context] omni.isaac.core.simulation_context.simulation_context has been deprecated in favor of isaacsim.core.api.simulation_context.simulation_context. Please update your code accordingly.
2026-04-29T12:59:01Z [2,483ms] [Warning] [omni.isaac.core.world.world] omni.isaac.core.world.world has been deprecated in favor of isaacsim.core.api.world.world. Please update your code accordingly.
2026-04-29T12:59:01Z [2,483ms] [Warning] [omni.isaac.core] omni.isaac.core has been deprecated in favor of isaacsim.core.api. Please update your code accordingly.
[2.493s] [ext: isaacsim.replicator.incident-0.1.28] startup
[2.513s] [ext: omni.sensors.net-1.0.0] startup
[2.515s] [ext: omni.sensors.nv.materials-2.0.0] startup
[2.517s] [ext: isaacsim.sensors.camera-1.3.6] startup
[2.520s] [ext: omni.sensors.nv.wpm-3.0.0] startup
[2.522s] [ext: isaacsim.util.debug_draw-3.1.0] startup
[2.524s] [ext: omni.sensors.nv.ids-2.0.0] startup
[2.526s] [ext: omni.sensors.nv.lidar-3.0.0] startup
[2.530s] [ext: omni.sensors.nv.radar-3.0.0] startup
[2.532s] [ext: isaacsim.sensors.physics-0.4.3] startup
[2.536s] [ext: isaacsim.robot_motion.lula-4.0.8] startup
[2.556s] [ext: isaacsim.robot.surface_gripper-3.3.1] startup
[2.558s] [ext: isaacsim.sensors.rtx-15.8.4] startup
[2.565s] [ext: omni.kit.mesh.raycast-107.0.1] startup
[2.574s] [ext: isaacsim.robot_motion.motion_generation-8.0.26] startup
[2.581s] [ext: isaacsim.robot.manipulators-3.3.6] startup
[2.584s] [ext: isaacsim.core.experimental.objects-0.4.0] startup
[2.591s] [ext: omni.isaac.core_nodes-2.0.6] startup
2026-04-29T12:59:01Z [2,585ms] [Warning] [omni.isaac.core_nodes] omni.isaac.core_nodes has been deprecated in favor of isaacsim.core.nodes. Please update your code accordingly.
[2.594s] [ext: isaacsim.replicator.agent.core-0.7.28] startup
[2.601s] [ext: isaacsim.robot.manipulators.examples-1.1.2] startup
[2.603s] [ext: isaacsim.simulation_app-2.12.2] startup
[2.604s] [ext: omni.kit.selection-0.1.6] startup
[2.605s] [ext: omni.isaac.franka-1.0.7] startup
2026-04-29T12:59:01Z [2,597ms] [Warning] [omni.isaac.franka] omni.isaac.franka has been deprecated in favor of isaacsim.robot.manipulators.examples.franka. Please update your code accordingly.
2026-04-29T12:59:01Z [2,597ms] [Warning] [omni.isaac.franka.franka] omni.isaac.franka has been deprecated in favor of isaacsim.robot.manipulators.examples.franka. Please update your code accordingly.
2026-04-29T12:59:01Z [2,610ms] [Warning] [omni.isaac.franka.kinematics_solver] omni.isaac.franka has been deprecated in favor of isaacsim.robot.manipulators.examples.franka. Please update your code accordingly.
[2.619s] [ext: isaacsim.robot_motion.lula_test_widget-1.0.12] startup
[2.621s] [ext: omni.isaac.kit-2.0.6] startup
2026-04-29T12:59:01Z [2,613ms] [Warning] [omni.isaac.kit] omni.isaac.kit has been deprecated in favor of isaacsim.simulation_app. Please update your code accordingly.
[2.622s] [ext: isaacsim.gui.menu-2.4.4] startup
[2.626s] [ext: omni.isaac.asset_browser-1.0.6] startup
2026-04-29T12:59:01Z [2,618ms] [Warning] [omni.isaac.asset_browser] omni.isaac.asset_browser has been deprecated in favor of isaacsim.asset.browser. Please update your code accordingly.
[2.627s] [ext: omni.isaac.lula_test_widget-1.0.6] startup
2026-04-29T12:59:01Z [2,620ms] [Warning] [omni.isaac.lula_test_widget] omni.isaac.lula_test_widget has been deprecated in favor of isaacsim.robot_motion.lula_test_widget. Please update your code accordingly.
[2.631s] [ext: omni.isaac.manipulators-3.0.7] startup
2026-04-29T12:59:01Z [2,623ms] [Warning] [omni.isaac.manipulators] omni.isaac.manipulators has been deprecated in favor of isaacsim.robot.manipulators. Please update your code accordingly.
2026-04-29T12:59:01Z [2,623ms] [Warning] [omni.isaac.manipulators.controllers] omni.isaac.manipulators has been deprecated in favor of isaacsim.robot.manipulators. Please update your code accordingly.
2026-04-29T12:59:01Z [2,623ms] [Warning] [omni.isaac.manipulators.controllers.pick_place_controller] omni.isaac.manipulators has been deprecated in favor of isaacsim.robot.manipulators. Please update your code accordingly.
2026-04-29T12:59:01Z [2,623ms] [Warning] [omni.isaac.manipulators.controllers.stacking_controller] omni.isaac.manipulators has been deprecated in favor of isaacsim.robot.manipulators. Please update your code accordingly.
2026-04-29T12:59:01Z [2,623ms] [Warning] [omni.isaac.manipulators.grippers] omni.isaac.manipulators has been deprecated in favor of isaacsim.robot.manipulators. Please update your code accordingly.
2026-04-29T12:59:01Z [2,623ms] [Warning] [omni.isaac.manipulators.grippers.gripper] omni.isaac.manipulators has been deprecated in favor of isaacsim.robot.manipulators. Please update your code accordingly.
2026-04-29T12:59:01Z [2,623ms] [Warning] [omni.isaac.manipulators.grippers.parallel_gripper] omni.isaac.manipulators has been deprecated in favor of isaacsim.robot.manipulators. Please update your code accordingly.
2026-04-29T12:59:01Z [2,623ms] [Warning] [omni.isaac.manipulators.grippers.surface_gripper] omni.isaac.manipulators has been deprecated in favor of isaacsim.robot.manipulators. Please update your code accordingly.
2026-04-29T12:59:01Z [2,623ms] [Warning] [omni.isaac.manipulators.manipulators] omni.isaac.manipulators has been deprecated in favor of isaacsim.robot.manipulators. Please update your code accordingly.
2026-04-29T12:59:01Z [2,623ms] [Warning] [omni.isaac.manipulators.manipulators.single_manipulator] omni.isaac.manipulators has been deprecated in favor of isaacsim.robot.manipulators. Please update your code accordingly.
[2.632s] [ext: omni.isaac.menu-1.0.6] startup
2026-04-29T12:59:01Z [2,625ms] [Warning] [omni.isaac.menu] omni.isaac.menu has been deprecated in favor of isaacsim.gui.menu. Please update your code accordingly.
[2.634s] [ext: isaacsim.robot.policy.examples-4.1.11] startup
[2.637s] [ext: isaacsim.sensors.physx-2.3.2] startup
[2.642s] [ext: omni.isaac.motion_generation-8.0.7] startup
2026-04-29T12:59:01Z [2,634ms] [Warning] [omni.isaac.motion_generation] omni.isaac.motion_generation has been deprecated in favor of isaacsim.robot_motion.motion_generation. Please update your code accordingly.
2026-04-29T12:59:01Z [2,634ms] [Warning] [omni.isaac.motion_generation.articulation_kinematics_solver] omni.isaac.motion_generation has been deprecated in favor of isaacsim.robot_motion.motion_generation. Please update your code accordingly.
2026-04-29T12:59:01Z [2,634ms] [Warning] [omni.isaac.motion_generation.articulation_motion_policy] omni.isaac.motion_generation has been deprecated in favor of isaacsim.robot_motion.motion_generation. Please update your code accordingly.
2026-04-29T12:59:01Z [2,635ms] [Warning] [omni.isaac.motion_generation.articulation_trajectory] omni.isaac.motion_generation has been deprecated in favor of isaacsim.robot_motion.motion_generation. Please update your code accordingly.
2026-04-29T12:59:01Z [2,635ms] [Warning] [omni.isaac.motion_generation.kinematics_interface] omni.isaac.motion_generation has been deprecated in favor of isaacsim.robot_motion.motion_generation. Please update your code accordingly.
2026-04-29T12:59:01Z [2,635ms] [Warning] [omni.isaac.motion_generation.lula] omni.isaac.motion_generation has been deprecated in favor of isaacsim.robot_motion.motion_generation. Please update your code accordingly.
2026-04-29T12:59:01Z [2,635ms] [Warning] [omni.isaac.motion_generation.lula.kinematics] omni.isaac.motion_generation has been deprecated in favor of isaacsim.robot_motion.motion_generation. Please update your code accordingly.
2026-04-29T12:59:01Z [2,636ms] [Warning] [omni.isaac.motion_generation.lula.motion_policies] omni.isaac.motion_generation has been deprecated in favor of isaacsim.robot_motion.motion_generation. Please update your code accordingly.
2026-04-29T12:59:01Z [2,636ms] [Warning] [omni.isaac.motion_generation.lula.path_planners] omni.isaac.motion_generation has been deprecated in favor of isaacsim.robot_motion.motion_generation. Please update your code accordingly.
2026-04-29T12:59:01Z [2,636ms] [Warning] [omni.isaac.motion_generation.lula.trajectory_generator] omni.isaac.motion_generation has been deprecated in favor of isaacsim.robot_motion.motion_generation. Please update your code accordingly.
2026-04-29T12:59:01Z [2,636ms] [Warning] [omni.isaac.motion_generation.motion_policy_controller] omni.isaac.motion_generation has been deprecated in favor of isaacsim.robot_motion.motion_generation. Please update your code accordingly.
2026-04-29T12:59:01Z [2,636ms] [Warning] [omni.isaac.motion_generation.motion_policy_interface] omni.isaac.motion_generation has been deprecated in favor of isaacsim.robot_motion.motion_generation. Please update your code accordingly.
2026-04-29T12:59:01Z [2,636ms] [Warning] [omni.isaac.motion_generation.path_planner_visualizer] omni.isaac.motion_generation has been deprecated in favor of isaacsim.robot_motion.motion_generation. Please update your code accordingly.
2026-04-29T12:59:01Z [2,636ms] [Warning] [omni.isaac.motion_generation.path_planning_interface] omni.isaac.motion_generation has been deprecated in favor of isaacsim.robot_motion.motion_generation. Please update your code accordingly.
2026-04-29T12:59:01Z [2,636ms] [Warning] [omni.isaac.motion_generation.trajectory] omni.isaac.motion_generation has been deprecated in favor of isaacsim.robot_motion.motion_generation. Please update your code accordingly.
2026-04-29T12:59:01Z [2,636ms] [Warning] [omni.isaac.motion_generation.world_interface] omni.isaac.motion_generation has been deprecated in favor of isaacsim.robot_motion.motion_generation. Please update your code accordingly.
[2.645s] [ext: omni.isaac.nucleus-1.0.6] startup
2026-04-29T12:59:01Z [2,637ms] [Warning] [omni.isaac.nucleus] omni.isaac.nucleus has been deprecated in favor of isaacsim.storage.native. Please update your code accordingly.
2026-04-29T12:59:01Z [2,638ms] [Warning] [omni.isaac.nucleus.nucleus] omni.isaac.nucleus.nucleus has been deprecated in favor of isaacsim.storage.native. Please update your code accordingly.
[2.647s] [ext: omni.isaac.quadruped-3.0.7] startup
2026-04-29T12:59:01Z [2,639ms] [Warning] [omni.isaac.quadruped] omni.isaac.quadruped has been deprecated in favor of isaacsim.robot.policy.examples. Please update your code accordingly.
[2.648s] [ext: omni.isaac.range_sensor-4.0.6] startup
2026-04-29T12:59:01Z [2,641ms] [Warning] [omni.isaac.range_sensor] omni.isaac.range_sensor has been deprecated in favor of isaacsim.sensors.physx. Please update your code accordingly.
2026-04-29T12:59:01Z [2,642ms] [Warning] [omni.isaac.range_sensor.commands] omni.isaac.range_sensor.commands has been deprecated in favor of isaacsim.sensors.physx.commands. Please update your code accordingly.
[2.651s] [ext: omni.isaac.sensor-13.0.7] startup
2026-04-29T12:59:01Z [2,643ms] [Warning] [omni.isaac.sensor] omni.isaac.sensor has been deprecated in favor of isaacsim.sensors.camera, isaacsim.sensors.physics, isaacsim.sensors.physx, and isaacsim.sensors.rtx. Please update your code accordingly.
2026-04-29T12:59:01Z [2,643ms] [Warning] [omni.isaac.sensor.camera] omni.isaac.sensor.camera has been deprecated in favor of isaacsim.sensors.camera.camera. Please update your code accordingly.
2026-04-29T12:59:01Z [2,643ms] [Warning] [omni.isaac.sensor.camera_view] omni.isaac.sensor.camera_view has been deprecated in favor of isaacsim.sensors.camera.camera_view. Please update your code accordingly.
2026-04-29T12:59:01Z [2,643ms] [Warning] [omni.isaac.sensor.commands] omni.isaac.sensor.commands has been deprecated in favor of isaacsim.sensors.physics.commands, isaacsim.sensors.physx.commands, and isaacsim.sensors.rtx.commands. Please update your code accordingly.
2026-04-29T12:59:01Z [2,643ms] [Warning] [omni.isaac.sensor.contact_sensor] omni.isaac.sensor.contact_sensor has been deprecated in favor of isaacsim.sensors.physics.contact_sensor. Please update your code accordingly.
2026-04-29T12:59:01Z [2,643ms] [Warning] [omni.isaac.sensor.imu_sensor] omni.isaac.sensor.imu_sensor has been deprecated in favor of isaacsim.sensors.physics.imu_sensor. Please update your code accordingly.
2026-04-29T12:59:01Z [2,643ms] [Warning] [omni.isaac.sensor.lidar_rtx] omni.isaac.sensor.lidar_rtx has been deprecated in favor of isaacsim.sensors.rtx.lidar_rtx. Please update your code accordingly.
2026-04-29T12:59:01Z [2,643ms] [Warning] [omni.isaac.sensor.rotating_lidar_physX] omni.isaac.sensor.imu_sensor has been deprecated in favor of isaacsim.sensors.physix.rotating_lidar_physX. Please update your code accordingly.
2026-04-29T12:59:01Z [2,645ms] [Warning] [omni.isaac.sensor.scripts.samples.contact_sensor] omni.isaac.sensor.scripts.samples.contact_sensor has been deprecated in favor of isaacsim.sensors.physics.scripts.samples.contact_sensor. Please update your code accordingly.
2026-04-29T12:59:01Z [2,645ms] [Warning] [omni.isaac.sensor.scripts.samples.imu_sensor] omni.isaac.sensor.scripts.samples.imu_sensor has been deprecated in favor of isaacsim.sensors.physics.scripts.samples.imu_sensor. Please update your code accordingly.
2026-04-29T12:59:01Z [2,645ms] [Warning] [omni.isaac.sensor.scripts.samples.lightbeam_sensor] omni.isaac.sensor.scripts.samples.lightbeam_sensor has been deprecated in favor of isaacsim.sensors.physx.scripts.samples.lightbeam_sensor. Please update your code accordingly.
[2.654s] [ext: omni.isaac.surface_gripper-2.0.6] startup
2026-04-29T12:59:01Z [2,646ms] [Warning] [omni.isaac.surface_gripper] omni.isaac.surface_gripper has been deprecated in favor of isaacsim.robot.surface_gripper. Please update your code accordingly.
[2.655s] [ext: omni.kit.widget.toolbar-2.0.1] startup
[2.664s] [ext: omni.kit.manipulator.transform-107.0.0] startup
[2.667s] [ext: omni.kit.manipulator.selector-1.1.3] startup
[2.669s] [ext: isaacsim.app.about-2.0.11] startup
[2.672s] [ext: isaacsim.cortex.framework-1.0.12] startup
[2.673s] [ext: omni.kit.manipulator.tool.snap-1.5.13] startup
[2.676s] [ext: omni.isaac.universal_robots-1.0.6] startup
2026-04-29T12:59:01Z [2,668ms] [Warning] [omni.isaac.universal_robots] omni.isaac.universal_robots has been deprecated in favor of isaacsim.robot.manipulators.examples.universal_robots. Please update your code accordingly.
2026-04-29T12:59:01Z [2,668ms] [Warning] [omni.isaac.universal_robots.kinematics_solver] omni.isaac.franka has been deprecated in favor of isaacsim.robot.manipulators.examples.universal_robots. Please update your code accordingly.
2026-04-29T12:59:01Z [2,668ms] [Warning] [omni.isaac.universal_robots.ur10] omni.isaac.franka has been deprecated in favor of isaacsim.robot.manipulators.examples.universal_robots. Please update your code accordingly.
[2.677s] [ext: omni.isaac.utils-2.0.6] startup
[2.679s] [ext: omni.isaac.cortex-1.0.5] startup
2026-04-29T12:59:01Z [2,672ms] [Warning] [omni.isaac.cortex] omni.isaac.cortex has been deprecated in favor of isaacsim.cortex.framework. Please update your code accordingly.
[2.681s] [ext: omni.kit.viewport.manipulator.transform-107.0.4] startup
[2.683s] [ext: omni.isaac.window.about-2.0.7] startup
2026-04-29T12:59:01Z [2,675ms] [Warning] [omni.isaac.window.about] omni.isaac.window.about has been deprecated in favor of isaacsim.app.about. Please update your code accordingly.
2026-04-29T12:59:01Z [2,675ms] [Warning] [omni.isaac.window.about.about] omni.isaac.window.about.about has been deprecated in favor of isaacsim.app.about.about. Please update your code accordingly.
[2.684s] [ext: omni.kit.manipulator.camera-106.0.4] startup
[2.686s] [ext: omni.kit.property.audio-1.0.16] startup
[2.687s] [ext: omni.fabric.commands-1.1.6] startup
[2.689s] [ext: omni.kit.manipulator.prim.core-107.0.8] startup
[2.693s] [ext: omni.kit.property.camera-1.0.10] startup
[2.694s] [ext: omni.kit.property.geometry-2.0.4] startup
[2.696s] [ext: omni.kit.property.light-1.0.12] startup
[2.703s] [ext: omni.hydra.scene_api-0.1.2] startup
[2.706s] [ext: omni.kit.manipulator.prim.fabric-107.0.4] startup
[2.707s] [ext: omni.kit.manipulator.prim.usd-107.0.3] startup
[2.708s] [ext: omni.kit.property.material-1.11.9] startup
[2.711s] [ext: omni.kit.property.render-1.2.1] startup
[2.712s] [ext: omni.kit.property.transform-1.5.13] startup
[2.714s] [ext: isaacsim.gui.property-1.1.3] startup
[2.715s] [ext: omni.kit.manipulator.prim-107.0.0] startup
[2.716s] [ext: omni.kit.manipulator.selection-106.0.1] startup
[2.717s] [ext: omni.isaac.lula-4.0.6] startup
2026-04-29T12:59:01Z [2,708ms] [Warning] [omni.isaac.lula] omni.isaac.lula has been deprecated in favor of isaacsim.robot_motion.lula. Please update your code accordingly.
[2.717s] [ext: omni.kit.property.bundle-1.4.1] startup
[2.718s] [ext: omni.kit.property.isaac-1.0.6] startup
2026-04-29T12:59:01Z [2,710ms] [Warning] [omni.kit.property.isaac] omni.kit.property.isaac has been deprecated in favor of isaacsim.gui.property. Please update your code accordingly.
2026-04-29T12:59:01Z [2,710ms] [Warning] [omni.kit.property.isaac.widgets] omni.kit.property.isaac.widgets has been deprecated in favor of isaacsim.gui.property.widgets. Please update your code accordingly.
[2.719s] [ext: isaacsim.replicator.writers-1.0.17] startup
[2.727s] [ext: omni.kit.viewport.menubar.camera-107.0.6] startup
[2.733s] [ext: omni.kit.viewport.menubar.lighting-107.3.1] startup
[2.737s] [ext: omni.kit.viewport.menubar.render-107.0.10] startup
[2.739s] [ext: omni.kit.viewport.menubar.settings-107.0.3] startup
[2.741s] [ext: isaacsim.replicator.domain_randomization-1.0.16] startup
[2.742s] [ext: isaacsim.replicator.examples-1.3.6] startup
[2.744s] [ext: omni.ocio-0.1.1] startup
[2.746s] [ext: omni.rtx.window.settings-0.6.19] startup
[2.752s] [ext: omni.kit.window.console-1.1.4] startup
[2.760s] [ext: omni.kit.window.status_bar-0.1.9] startup
[2.763s] [ext: omni.kit.window.toolbar-2.0.0] startup
[2.764s] [ext: omni.replicator.isaac-2.0.8] startup
2026-04-29T12:59:01Z [2,756ms] [Warning] [omni.replicator.isaac] omni.replicator.isaac has been deprecated in favor of isaacsim.replicator.domain_randomization, isaacsim.replicator.examples, isaacsim.replicator.writers. Please update your code accordingly.
[2.765s] [ext: omni.replicator.replicator_yaml-2.0.11] startup
[2.769s] [ext: omni.rtx.settings.core-0.6.5] startup
[2.773s] [ext: omni.usd.metrics.assembler.ui-107.3.1] startup
[2.780s] [ext: isaacsim.robot.wheeled_robots-4.0.24] startup
[2.783s] [ext: isaacsim.cortex.behaviors-2.0.14] startup
[2.785s] [ext: omni.isaac.version-2.0.7] startup
2026-04-29T12:59:01Z [2,777ms] [Warning] [omni.isaac.version] omni.isaac.version has been deprecated in favor of isaacsim.core.version. Please update your code accordingly.
[2.787s] [ext: semantics.schema.editor-2.0.2] startup
[2.792s] [ext: omni.kit.ui.actions-1.0.5] startup
[2.794s] [ext: semantics.schema.property-2.0.1] startup
[2.797s] [ext: omni.isaac.wheeled_robots-3.0.7] startup
2026-04-29T12:59:02Z [2,789ms] [Warning] [omni.isaac.wheeled_robots] omni.isaac.wheeled_robots has been deprecated in favor of isaacsim.robot.wheeled_robots. Please update your code accordingly.
2026-04-29T12:59:02Z [2,789ms] [Warning] [omni.isaac.wheeled_robots.controllers] omni.isaac.wheeled_robots has been deprecated in favor of isaacsim.robot.wheeled_robots. Please update your code accordingly.
2026-04-29T12:59:02Z [2,790ms] [Warning] [omni.isaac.wheeled_robots.controllers.ackermann_controller] omni.isaac.wheeled_robots has been deprecated in favor of isaacsim.robot.wheeled_robots. Please update your code accordingly.
2026-04-29T12:59:02Z [2,790ms] [Warning] [omni.isaac.wheeled_robots.controllers.differential_controller] omni.isaac.wheeled_robots has been deprecated in favor of isaacsim.robot.wheeled_robots. Please update your code accordingly.
2026-04-29T12:59:02Z [2,790ms] [Warning] [omni.isaac.wheeled_robots.controllers.holonomic_controller] omni.isaac.wheeled_robots has been deprecated in favor of isaacsim.robot.wheeled_robots. Please update your code accordingly.
2026-04-29T12:59:02Z [2,790ms] [Warning] [omni.isaac.wheeled_robots.controllers.quintic_path_planner] omni.isaac.wheeled_robots has been deprecated in favor of isaacsim.robot.wheeled_robots. Please update your code accordingly.
2026-04-29T12:59:02Z [2,791ms] [Warning] [omni.isaac.wheeled_robots.controllers.stanley_control] omni.isaac.wheeled_robots has been deprecated in favor of isaacsim.robot.wheeled_robots. Please update your code accordingly.
2026-04-29T12:59:02Z [2,791ms] [Warning] [omni.isaac.wheeled_robots.controllers.wheel_base_pose_controller] omni.isaac.wheeled_robots has been deprecated in favor of isaacsim.robot.wheeled_robots. Please update your code accordingly.
2026-04-29T12:59:02Z [2,791ms] [Warning] [omni.isaac.wheeled_robots.impl] omni.isaac.wheeled_robots has been deprecated in favor of isaacsim.robot.wheeled_robots. Please update your code accordingly.
2026-04-29T12:59:02Z [2,791ms] [Warning] [omni.isaac.wheeled_robots.robots] omni.isaac.wheeled_robots has been deprecated in favor of isaacsim.robot.wheeled_robots. Please update your code accordingly.
2026-04-29T12:59:02Z [2,791ms] [Warning] [omni.isaac.wheeled_robots.robots.holonomic_robot_usd_setup] omni.isaac.wheeled_robots has been deprecated in favor of isaacsim.robot.wheeled_robots. Please update your code accordingly.
2026-04-29T12:59:02Z [2,791ms] [Warning] [omni.isaac.wheeled_robots.robots.wheeled_robot] omni.isaac.wheeled_robots has been deprecated in favor of isaacsim.robot.wheeled_robots. Please update your code accordingly.
[2.801s] [ext: omni.isaac.cortex.sample_behaviors-2.0.5] startup
2026-04-29T12:59:02Z [2,793ms] [Warning] [omni.isaac.cortex.sample_behaviors] omni.isaac.cortex.sample_behaviors has been deprecated in favor of isaacsim.cortex.behaviors. Please update your code accordingly.
[2.802s] [ext: isaacsim.replicator.behavior-1.1.16] startup
[2.804s] [ext: isaacsim.core.throttling-2.2.2] startup
[2.809s] [ext: omni.kit.menu.common-2.0.1] startup
[2.810s] [ext: isaacsim.exp.base-5.1.0] startup
[2.810s] [ext: isaacsim.exp.base.python-5.1.0] startup
[2.811s] Simulation App Starting
2026-04-29T12:59:02Z [2,877ms] [Warning] [omni.fabric.plugin] Warning: attribute viewportHandle not found for bucket id 9

[2.909s] app ready
[4.390s] Simulation App Startup Complete
2026-04-29T12:59:04Z [5,432ms] [Warning] [pegasus.simulator.logic.backends.ardupilot_mavlink_backend] [ArduPilotMavlinkBackendConfig] Initialized with vehicle_id=0, connection_type=udpin, connection_ip=127.0.0.1, connection_baseport=14550, ardupilot_autolaunch=True, ardupilot_dir=/home/rodrigogomes/ardupilot, ardupilot_vehicle_model=gazebo-iris, enable_lockstep=False, num_rotors=4, input_offset=[0.0, 0.0, 0.0, 0.0], input_scaling=[1000, 1000, 1000, 1000], zero_position_armed=[100, 100, 100, 100], update_rate=400
[5.448s] [ext: isaacsim.ros2.bridge-4.12.4] startup
[5.482s] Attempting to load system rclpy
[5.483s] Could not import system rclpy: No module named 'rclpy'
[5.483s] Attempting to load internal rclpy for ROS Distro: jazzy
[5.494s] rclpy loaded
2026-04-29T12:59:04Z [5,693ms] [Warning] [omni.isaac.core.prims.base_sensor] omni.isaac.core.prims.base_sensor has been deprecated in favor of isaacsim.core.api.sensors.base_sensor. Please update your code accordingly.
2026-04-29T12:59:04Z [5,694ms] [Warning] [omni.isaac.core.prims.geometry_prim] omni.isaac.core.prims.geometry_prim.GeometryPrim has been deprecated in favor of isaacsim.core.prims.SingleGeometryPrim. Please update your code accordingly.
2026-04-29T12:59:04Z [5,694ms] [Warning] [omni.isaac.core.prims.geometry_prim_view] omni.isaac.core.prims.geometry_prim_view.GeometryPrimView has been deprecated in favor of isaacsim.core.prims.GeometryPrim Please update your code accordingly.
2026-04-29T12:59:04Z [5,694ms] [Warning] [omni.isaac.core.prims.rigid_contact_view] omni.isaac.core.prims.rigid_contact_view has been deprecated in favor of isaacsim.core.api.sensors.rigid_contact_view. Please update your code accordingly.
2026-04-29T12:59:04Z [5,694ms] [Warning] [omni.isaac.core.prims.rigid_prim] omni.isaac.core.prims.rigid_prim.RigidPrim has been deprecated in favor of isaacsim.core.prims.SingleRigidPrim. Please update your code accordingly.
2026-04-29T12:59:04Z [5,694ms] [Warning] [omni.isaac.core.prims.rigid_prim_view] omni.isaac.core.prims.rigid_prim_view.RigidPrimView has been deprecated in favor of isaacsim.core.prims.RigidPrim. Please update your code accordingly.
2026-04-29T12:59:04Z [5,694ms] [Warning] [omni.isaac.core.prims.soft.cloth_prim] omni.isaac.core.prims.soft.cloth_prim.ClothPrim has been deprecated in favor of isaacsim.core.prims.SingleClothPrim. Please update your code accordingly.
2026-04-29T12:59:04Z [5,694ms] [Warning] [omni.isaac.core.prims.soft.particle_system] omni.isaac.core.prims.soft.particle_system.ParticleSystem has been deprecated in favor of isaacsim.core.prims.SingleParticleSystem. Please update your code accordingly.
2026-04-29T12:59:04Z [5,694ms] [Warning] [omni.isaac.core.prims.soft.particle_system_view] omni.isaac.core.prims.soft.particle_system_view.ParticleSystemView has been deprecated in favor of isaacsim.core.prims.ParticleSystem. Please update your code accordingly.
2026-04-29T12:59:04Z [5,694ms] [Warning] [omni.isaac.core.prims.xform_prim] omni.isaac.core.prims.xform_prim.XFormPrim has been deprecated in favor of isaacsim.core.prims.SingleXFormPrim. Please update your code accordingly.
2026-04-29T12:59:04Z [5,694ms] [Warning] [omni.isaac.core.prims.xform_prim_view] omni.isaac.core.prims.xform_prim_view.XFormPrimView has been deprecated in favor of isaacsim.core.prims.XFormPrim. Please update your code accordingly.
2026-04-29T12:59:04Z [5,697ms] [Warning] [omni.isaac.core.utils.torch.maths] omni.isaac.core.utils.torch.maths has been deprecated in favor of isaacsim.core.utils.torch.maths. Please update your code accordingly.
2026-04-29T12:59:04Z [5,697ms] [Warning] [omni.isaac.core.utils.torch.rotations] omni.isaac.core.utils.torch.rotations has been deprecated in favor of isaacsim.core.utils.torch.rotations. Please update your code accordingly.
2026-04-29T12:59:04Z [5,697ms] [Warning] [omni.isaac.core.utils.torch.tensor] omni.isaac.core.utils.torch.tensor has been deprecated in favor of isaacsim.core.utils.torch.tensor. Please update your code accordingly.
2026-04-29T12:59:04Z [5,697ms] [Warning] [omni.isaac.core.utils.torch.transformations] omni.isaac.core.utils.torch.transformations has been deprecated in favor of isaacsim.core.utils.torch.transformations. Please update your code accordingly.
Starting kit application with the following args:  ['/home/rodrigogomes/isaacsim_5.1.0/exts/isaacsim.simulation_app/isaacsim/simulation_app/simulation_app.py', '/home/rodrigogomes/isaacsim_5.1.0/apps/isaacsim.exp.base.python.kit', '--/app/tokens/exe-path=/home/rodrigogomes/isaacsim_5.1.0/kit', '--/persistent/app/viewport/displayOptions=3094', '--/rtx/materialDb/syncLoads=True', '--/rtx/hydra/materialSyncLoads=True', '--/omni.kit.plugin/syncUsdLoads=True', '--/app/renderer/resolution/width=1280', '--/app/renderer/resolution/height=720', '--/app/window/width=1440', '--/app/window/height=900', '--/renderer/multiGpu/enabled=True', '--/app/fastShutdown=True', '--/app/installSignalHandlers=0', '--ext-folder', '/home/rodrigogomes/isaacsim_5.1.0/exts', '--ext-folder', '/home/rodrigogomes/isaacsim_5.1.0/apps', '--/physics/cudaDevice=0', '--/plugins/carb.tasking.plugin/threadCount=32', '--/plugins/omni.tbb.globalcontrol/maxThreadCount=32', '--portable', '--no-window', '--/app/window/hideUi=1']
Passing the following args to the base kit application:  ['--task', 'quadcopter3_7', '--algo', 'ppo', '--preset', 'isaac_lab', '--checkpoint', '/home/rodrigogomes/dev_skrl/examples/rl/logs/q3_logs/q3_7/checkpoints/best_agent.pt', '--n_envs', '4', '--record', '--record_dir', '/home/rodrigogomes/dev_skrl/examples/rl/play_records_web/quadcopter3_7_20260429_135858', '--record_every', '1', '--num_episodes_per_env', '4', '--compare_lqr', '--headless']
Warp 1.8.2 initialized:
   CUDA Toolkit 12.8, Driver 13.1
   Devices:
     "cpu"      : "x86_64"
     "cuda:0"   : "NVIDIA GeForce RTX 5090" (31 GiB, sm_120, mempool enabled)
   Kernel cache:
     /home/rodrigogomes/.cache/warp/1.8.2
Warp DeprecationWarning: The `warp.sim` module is deprecated and will be removed in v1.10. Please transition to using the forthcoming Newton library instead.
[isaacsim.replicator.incident] started
Spawned 4 vehicles with 5 parts each (total 20 prims)
Spawned 4 vehicles with 5 parts each (total 20 prims)
RL has _root_prims: True
LQR has _root_prims: True

Loading checkpoint: /home/rodrigogomes/dev_skrl/examples/rl/logs/q3_logs/q3_7/checkpoints/best_agent.pt
Loaded. Running inference...

2026-04-29T12:59:05Z [5,792ms] [Warning] [isaacsim.core.simulation_manager.impl.simulation_manager] Disabling CCD for GPU dynamics as its not supported
[5.805s] [ext: omni.physx.fabric-107.3.26] startup
2026-04-29T12:59:06Z [7,155ms] [Warning] [pegasus.simulator.logic.interface.pegasus_interface] Loading a new environment into the simulator. Please wait...
2026-04-29T12:59:06Z [7,569ms] [Warning] [isaacsim.core.simulation_manager.impl.simulation_manager] changing backend from numpy to torch since numpy backend cannot be used with GPU piplines
Finished 4 episodes per env. Exiting.
2026-04-29T12:59:32Z [33,434ms] [Warning] [omni.usd] Unexpected reference count of 2 for UsdStage 'anon:0x1d0ff7d0:World0.usd' while being closed in UsdContext (this may indicate it is still resident in memory).
[33.490s] Simulation App Shutting Down
