[Dashboard] cwd: /home/rodrigogomes/dev_skrl
[Dashboard] cmd: /home/rodrigogomes/isaacsim_5.1.0/python.sh /home/rodrigogomes/dev_skrl/examples/rl/play.py --task quadcopter3 --algo ppo --preset isaac_lab --checkpoint /home/rodrigogomes/dev_skrl/examples/rl/tasks/quadcopter3/logs/26-04-29_10-22-25-365537_PPO/checkpoints/best_agent.pt --n_envs 4 --record --record_dir /home/rodrigogomes/dev_skrl/examples/rl/play_records_web/quadcopter3_20260429_114504 --record_every 1 --num_episodes_per_env 3 --compare_lqr
[Dashboard] record_dir: /home/rodrigogomes/dev_skrl/examples/rl/play_records_web/quadcopter3_20260429_114504
[Warning] [simulation_app.simulation_app] DISPLAY environment variable is not set, running in headless mode with --no-window flag. Set DISPLAY environment variable if you want to run in non-headless mode.
[Info] [carb] Logging to file: /home/rodrigogomes/isaacsim_5.1.0/kit/logs/Kit/Isaac-Sim Python/5.1/kit_20260429_114505.log
2026-04-29T10:45:05Z [0ms] [Warning] [carb.crashreporter-breakpad.plugin] [previous crash] preventing upload of minidump due to user opt-out: '/home/rodrigogomes/isaacsim_5.1.0/kit/data/Kit/Isaac-Sim Python/5.1/e55decb3-6439-4511-1e18c591-4a7d0181.dmp'
2026-04-29T10:45:05Z [0ms] [Warning] [carb.crashreporter-breakpad.plugin] [previous crash] preventing upload of minidump due to user opt-out: '/home/rodrigogomes/isaacsim_5.1.0/kit/data/Kit/Isaac-Sim Python/5.1/96ad024b-7eea-4690-57273d9d-18251788.dmp'
2026-04-29T10:45:05Z [0ms] [Warning] [carb.crashreporter-breakpad.plugin] [previous crash] preventing upload of minidump due to user opt-out: '/home/rodrigogomes/isaacsim_5.1.0/kit/data/Kit/Isaac-Sim Python/5.1/f608b34d-e157-486d-b9d1f186-0f35df09.dmp'
2026-04-29T10:45:05Z [0ms] [Warning] [carb.crashreporter-breakpad.plugin] [previous crash] preventing upload of minidump due to user opt-out: '/home/rodrigogomes/isaacsim_5.1.0/kit/data/Kit/Isaac-Sim Python/5.1/b1f0948d-9ef8-4b40-df2595bf-8a5aedb4.dmp'
2026-04-29T10:45:05Z [1ms] [Warning] [carb.crashreporter-breakpad.plugin] [previous crash] preventing upload of minidump due to user opt-out: '/home/rodrigogomes/isaacsim_5.1.0/kit/data/Kit/Isaac-Sim Python/5.1/a7f1f966-338e-48ce-10a92792-59656b20.dmp'
2026-04-29T10:45:05Z [1ms] [Warning] [carb.crashreporter-breakpad.plugin] [previous crash] preventing upload of minidump due to user opt-out: '/home/rodrigogomes/isaacsim_5.1.0/kit/data/Kit/Isaac-Sim Python/5.1/62fb1aa3-6640-4caf-e775e5a6-069fc553.dmp'
2026-04-29T10:45:05Z [1ms] [Warning] [carb.crashreporter-breakpad.plugin] [previous crash] preventing upload of minidump due to user opt-out: '/home/rodrigogomes/isaacsim_5.1.0/kit/data/Kit/Isaac-Sim Python/5.1/7ff438d5-9731-468d-14cfbfa6-ccf9753d.dmp'
2026-04-29T10:45:05Z [1ms] [Warning] [carb.crashreporter-breakpad.plugin] [previous crash] preventing upload of minidump due to user opt-out: '/home/rodrigogomes/isaacsim_5.1.0/kit/data/Kit/Isaac-Sim Python/5.1/0b4beda5-00b3-4c92-5c7a7aa2-69a8f2df.dmp'
2026-04-29T10:45:05Z [1ms] [Warning] [carb.crashreporter-breakpad.plugin] [previous crash] preventing upload of minidump due to user opt-out: '/home/rodrigogomes/isaacsim_5.1.0/kit/data/Kit/Isaac-Sim Python/5.1/d6b00058-b702-45fb-fa58b0ad-78f730e9.dmp'
2026-04-29T10:45:05Z [1ms] [Warning] [carb.crashreporter-breakpad.plugin] [previous crash] preventing upload of minidump due to user opt-out: '/home/rodrigogomes/isaacsim_5.1.0/kit/data/Kit/Isaac-Sim Python/5.1/c78a965f-60ef-4269-956e1d8d-19ab2b7b.dmp'
2026-04-29T10:45:05Z [2ms] [Warning] [carb.crashreporter-breakpad.plugin] [previous crash] preventing upload of minidump due to user opt-out: '/home/rodrigogomes/isaacsim_5.1.0/kit/data/Kit/Isaac-Sim Python/5.1/4121c365-578e-4209-3f9acfa2-624b278a.dmp'
2026-04-29T10:45:05Z [2ms] [Warning] [carb.crashreporter-breakpad.plugin] [previous crash] preventing upload of minidump due to user opt-out: '/home/rodrigogomes/isaacsim_5.1.0/kit/data/Kit/Isaac-Sim Python/5.1/2d7801cf-a0c4-4510-c9683b94-6f115d49.dmp'
2026-04-29T10:45:05Z [2ms] [Warning] [carb.crashreporter-breakpad.plugin] [previous crash] preventing upload of minidump due to user opt-out: '/home/rodrigogomes/isaacsim_5.1.0/kit/data/Kit/Isaac-Sim Python/5.1/9ad67fc7-1262-432b-95c4cc8a-ef339f75.dmp'
2026-04-29T10:45:05Z [2ms] [Warning] [carb.crashreporter-breakpad.plugin] [previous crash] preventing upload of minidump due to user opt-out: '/home/rodrigogomes/isaacsim_5.1.0/kit/data/Kit/Isaac-Sim Python/5.1/158b7fb5-51f2-4d63-c3ad2796-e3c8118b.dmp'
2026-04-29T10:45:05Z [2ms] [Warning] [carb.crashreporter-breakpad.plugin] [previous crash] preventing upload of minidump due to user opt-out: '/home/rodrigogomes/isaacsim_5.1.0/kit/data/Kit/Isaac-Sim Python/5.1/131e6a52-8e9d-4c0a-9b4e9d90-4eb918e5.dmp'
2026-04-29T10:45:05Z [2ms] [Warning] [carb.crashreporter-breakpad.plugin] [previous crash] preventing upload of minidump due to user opt-out: '/home/rodrigogomes/isaacsim_5.1.0/kit/data/Kit/Isaac-Sim Python/5.1/75430a12-5234-432f-140e31b7-afbbe3f7.dmp'
[0.025s] [ext: omni.kit.async_engine-0.0.3] startup
[0.224s] [ext: omni.metrics.core-0.0.3] startup
[0.225s] [ext: omni.client.lib-1.1.0] startup
[0.232s] [ext: omni.blobkey-1.1.2] startup
[0.232s] [ext: omni.stats-1.0.1] startup
[0.233s] [ext: omni.datastore-0.0.0] startup
[0.236s] [ext: omni.client-1.3.0] startup
[0.289s] [ext: omni.ujitso.default-1.0.0] startup
[0.290s] [ext: omni.hsscclient-1.1.2] startup
[0.292s] [ext: omni.gpu_foundation.shadercache.vulkan-1.0.0] startup
[0.293s] [ext: omni.assets.plugins-0.0.0] startup
[0.294s] [ext: omni.gpu_foundation-0.0.0] startup
[0.298s] [ext: carb.windowing.plugins-1.0.0] startup
2026-04-29T10:45:05Z [289ms] [Warning] [carb.windowing-glfw.plugin] GLFW initialization failed.
2026-04-29T10:45:05Z [289ms] [Warning] [carb] Failed to startup plugin carb.windowing-glfw.plugin (interfaces: [carb::windowing::IGLContext v1.0],[carb::windowing::IWindowing v1.5]) (impl: carb.windowing-glfw.plugin)
[0.298s] [ext: omni.kit.renderer.init-0.0.0] startup
2026-04-29T10:45:05Z [306ms] [Warning] [omni.platforminfo.plugin] failed to open the default display.  Can't verify X Server version.

|---------------------------------------------------------------------------------------------|
| Driver Version: 590.48.01     | Graphics API: Vulkan
|=============================================================================================|
| GPU | Name                             | Active | LDA | GPU Memory | Vendor-ID | LUID       |
|     |                                  |        |     |            | Device-ID | UUID       |
|     |                                  |        |     |            | Bus-ID    |            |
|---------------------------------------------------------------------------------------------|
| 0   | NVIDIA GeForce RTX 5090          | Yes: 0 |     | 32853   MB | 10de      | 0          |
|     |                                  |        |     |            | 2b85      | e62f0e78.. |
|     |                                  |        |     |            | 1         |            |
|=============================================================================================|
| OS: 24.04.3 LTS (Noble Numbat) ubuntu, Version: 24.04.3, Kernel: 6.17.0-19-generic
| Processor: AMD Ryzen 9 9950X 16-Core Processor
| Cores: 16 | Logical Cores: 32
|---------------------------------------------------------------------------------------------|
| Total Memory (MB): 128535 | Free Memory: 119091
| Total Page/Swap (MB): 8191 | Free Page/Swap: 7827
|---------------------------------------------------------------------------------------------|
2026-04-29T10:45:06Z [724ms] [Warning] [gpu.foundation.plugin] CPU performance profile is set to powersave. This profile sets the CPU to the lowest frequency reducing performance.
2026-04-29T10:45:06Z [735ms] [Warning] [gpu.foundation.plugin] PCIe link generation current (1) and maximum (5) for device 0 don't match.
[0.819s] [ext: omni.kit.pipapi-0.0.0] startup
[0.820s] [ext: omni.kit.pip_archive-0.0.0] startup
[0.820s] [ext: omni.pip.compute-1.6.3] startup
[0.821s] [ext: omni.materialx.libs-1.0.7] startup
[0.832s] [ext: omni.pip.cloud-1.4.3] startup
[0.833s] [ext: omni.isaac.core_archive-3.0.0] startup
[0.833s] [ext: omni.usd.config-1.0.6] startup
[0.835s] [ext: omni.gpucompute.plugins-0.0.0] startup
[0.836s] [ext: omni.usd.libs-1.0.1] startup
[0.884s] [ext: omni.mdl-56.0.3] startup
[0.897s] [ext: omni.iray.libs-0.0.0] startup
[0.900s] [ext: omni.mdl.neuraylib-0.2.12] startup
[0.901s] [ext: omni.kit.usd.mdl-1.1.5] startup
[0.958s] [ext: omni.services.pip_archive-0.16.0] startup
[0.959s] [ext: omni.isaac.ml_archive-3.0.4] startup
[0.959s] [ext: omni.kit.telemetry-0.5.2] startup
[0.978s] [ext: omni.kit.loop-isaac-1.3.7] startup
[0.978s] [ext: omni.kit.test-2.0.1] startup
[1.003s] [ext: omni.appwindow-1.1.10] startup
2026-04-29T10:45:06Z [995ms] [Warning] [carb.windowing-glfw.plugin] GLFW initialization failed.
2026-04-29T10:45:06Z [995ms] [Warning] [carb] Failed to startup plugin carb.windowing-glfw.plugin (interfaces: [carb::windowing::IGLContext v1.0],[carb::windowing::IWindowing v1.5]) (impl: carb.windowing-glfw.plugin)
[1.007s] [ext: omni.kit.renderer.core-1.1.0] startup
2026-04-29T10:45:06Z [1,007ms] [Warning] [carb.windowing-glfw.plugin] GLFW initialization failed.
2026-04-29T10:45:06Z [1,007ms] [Warning] [carb] Failed to startup plugin carb.windowing-glfw.plugin (interfaces: [carb::windowing::IGLContext v1.0],[carb::windowing::IWindowing v1.5]) (impl: carb.windowing-glfw.plugin)
2026-04-29T10:45:06Z [1,011ms] [Warning] [carb.windowing-glfw.plugin] GLFW initialization failed.
2026-04-29T10:45:06Z [1,011ms] [Warning] [carb] Failed to startup plugin carb.windowing-glfw.plugin (interfaces: [carb::windowing::IGLContext v1.0],[carb::windowing::IWindowing v1.5]) (impl: carb.windowing-glfw.plugin)
[1.021s] [ext: omni.kit.renderer.capture-0.0.0] startup
[1.022s] [ext: omni.kit.renderer.imgui-2.0.5] startup
2026-04-29T10:45:06Z [1,015ms] [Warning] [carb.windowing-glfw.plugin] GLFW initialization failed.
2026-04-29T10:45:06Z [1,015ms] [Warning] [carb] Failed to startup plugin carb.windowing-glfw.plugin (interfaces: [carb::windowing::IGLContext v1.0],[carb::windowing::IWindowing v1.5]) (impl: carb.windowing-glfw.plugin)
2026-04-29T10:45:06Z [1,015ms] [Warning] [carb.windowing-glfw.plugin] GLFW initialization failed.
2026-04-29T10:45:06Z [1,015ms] [Warning] [carb] Failed to startup plugin carb.windowing-glfw.plugin (interfaces: [carb::windowing::IGLContext v1.0],[carb::windowing::IWindowing v1.5]) (impl: carb.windowing-glfw.plugin)
2026-04-29T10:45:06Z [1,016ms] [Warning] [carb.windowing-glfw.plugin] GLFW initialization failed.
2026-04-29T10:45:06Z [1,016ms] [Warning] [carb] Failed to startup plugin carb.windowing-glfw.plugin (interfaces: [carb::windowing::IGLContext v1.0],[carb::windowing::IWindowing v1.5]) (impl: carb.windowing-glfw.plugin)
[1.053s] [ext: omni.ui-2.27.1] startup
[1.059s] [ext: omni.kit.mainwindow-1.0.3] startup
[1.060s] [ext: carb.audio-0.1.0] startup
[1.062s] [ext: omni.uiaudio-1.0.0] startup
[1.062s] [ext: omni.kit.uiapp-0.0.0] startup
[1.062s] [ext: omni.usd.schema.metrics.assembler-107.3.1] startup
[1.064s] [ext: omni.anim.behavior.schema-107.3.0] startup
[1.068s] [ext: omni.usd.schema.omnigraph-1.0.0] startup
[1.071s] [ext: omni.usd.schema.geospatial-0.0.0] startup
[1.072s] [ext: omni.usd.schema.anim-0.0.0] startup
[1.081s] [ext: omni.usd.schema.audio-0.0.0] startup
[1.082s] [ext: isaacsim.robot.schema-3.6.0] startup
[1.087s] [ext: omni.usd_resolver-1.0.0] startup
[1.089s] [ext: omni.usd.core-1.5.3] startup
[1.090s] [ext: omni.usd.schema.omni_sensors-0.0.0] startup
[1.099s] [ext: omni.usd.schema.semantics-0.0.0] startup
[1.100s] [ext: omni.usd.schema.omni_lens_distortion-0.0.0] startup
[1.100s] [ext: omni.usd.schema.render_settings.rtx-0.0.0] startup
[1.101s] [ext: omni.graph.exec-0.9.6] startup
[1.101s] [ext: omni.kit.actions.core-1.0.0] startup
[1.102s] [ext: omni.kit.usd_undo-0.1.8] startup
[1.102s] [ext: omni.kit.exec.core-0.13.4] startup
[1.103s] [ext: omni.kit.commands-1.4.10] startup
[1.105s] [ext: omni.kit.window.popup_dialog-2.0.24] startup
[1.107s] [ext: omni.activity.core-1.0.3] startup
[1.108s] [ext: omni.resourcemonitor-107.0.1] startup
[1.109s] [ext: omni.timeline-1.0.14] startup
[1.110s] [ext: omni.kit.widget.nucleus_connector-2.0.1] startup
[1.111s] [ext: usdrt.scenegraph-7.6.1] startup
[1.131s] [ext: omni.kit.audiodeviceenum-1.0.2] startup
[1.132s] [ext: omni.hydra.usdrt_delegate-7.5.1] startup
[1.135s] [ext: omni.hydra.scene_delegate-0.3.4] startup
[1.137s] [ext: omni.usd-1.13.10] startup
[1.151s] [ext: omni.kit.asset_converter-5.0.17] startup
[1.157s] [ext: omni.usd.schema.physx-107.3.26] startup
[1.176s] [ext: omni.anim.navigation.schema-107.3.3] startup
[1.178s] [ext: omni.inspect-1.0.2] startup
[1.179s] [ext: omni.kit.notification_manager-1.0.10] startup
[1.179s] [ext: omni.graph.core-2.184.5] startup
[1.181s] [ext: isaacsim.core.deprecation_manager-0.2.7] startup
[1.181s] [ext: omni.usd.schema.omniscripting-1.0.0] startup
[1.184s] [ext: omni.usd.schema.flow-107.1.1] startup
[1.184s] [ext: omni.anim.graph.schema-107.3.3] startup
[1.189s] [ext: omni.usd.schema.isaac-3.0.5] startup
[1.189s] [ext: isaacsim.core.version-2.0.6] startup
[1.189s] [ext: omni.ui.scene-1.11.5] startup
[1.191s] [ext: isaacsim.storage.native-1.5.1] startup
[1.192s] [ext: omni.kit.widget.options_menu-1.1.6] startup
[1.194s] [ext: omni.kit.menu.core-1.1.2] startup
[1.194s] [ext: omni.graph.tools-1.79.2] startup
[1.206s] [ext: omni.kit.widget.filter-1.1.4] startup
[1.207s] [ext: omni.kit.menu.utils-2.0.5] startup
[1.210s] [ext: omni.graph-1.141.2] startup
[1.233s] [ext: omni.kit.hotkeys.core-1.3.10] startup
[1.234s] [ext: omni.anim.curve.core-1.3.1] startup
[1.242s] [ext: omni.kit.clipboard-1.0.5] startup
[1.243s] [ext: omni.usdphysics-107.3.26] startup
[1.245s] [ext: omni.physx.foundation-107.3.26] startup
[1.246s] [ext: omni.kit.widget.context_menu-1.2.5] startup
[1.247s] [ext: omni.kit.helper.file_utils-0.1.9] startup
[1.248s] [ext: omni.kit.widget.path_field-2.0.11] startup
[1.248s] [ext: omni.kvdb-107.3.26] startup
[1.249s] [ext: omni.kit.widget.options_button-1.0.3] startup
[1.250s] [ext: omni.kit.widget.filebrowser-2.12.3] startup
[1.252s] [ext: omni.kit.widget.browser_bar-2.0.10] startup
[1.253s] [ext: omni.localcache-107.3.26] startup
[1.254s] [ext: omni.convexdecomposition-107.3.26] startup
[1.256s] [ext: omni.kit.window.filepicker-2.13.4] startup
[1.263s] [ext: omni.physx.cooking-107.3.26] startup
[1.265s] [ext: omni.physics-107.3.26] startup
[1.266s] [ext: omni.kit.window.file_exporter-1.0.33] startup
[1.268s] [ext: omni.kit.stage_template.core-1.1.22] startup
[1.268s] [ext: omni.physx-107.3.26] startup
[1.274s] [ext: omni.kit.usd.layers-2.2.11] startup
[1.278s] [ext: omni.kit.window.file_importer-1.1.18] startup
[1.278s] [ext: omni.physics.physx-107.3.26] startup
2026-04-29T10:45:06Z [1,271ms] [Warning] [carb] Acquiring non optional plugin interface which is not listed as dependency: [omni::physx::IPhysxBenchmarks v1.0] (plugin: <default plugin>), by client: omni.physics.physx.plugin. Add it to CARB_PLUGIN_IMPL_DEPS() macro of a client.
[1.280s] [ext: omni.kit.numpy.common-0.1.3] startup
[1.281s] [ext: omni.kit.window.file-2.0.5] startup
[1.282s] [ext: omni.physics.stageupdate-107.3.26] startup
[1.283s] [ext: omni.kit.window.drop_support-1.0.5] startup
[1.284s] [ext: omni.kit.window.content_browser_registry-0.0.6] startup
[1.285s] [ext: omni.isaac.dynamic_control-2.0.7] startup
2026-04-29T10:45:06Z [1,279ms] [Warning] [omni.isaac.dynamic_control] omni.isaac.dynamic_control is deprecated as of Isaac Sim 4.5. No action is needed from end-users.
[1.288s] [ext: omni.kit.window.content_browser-3.1.3] startup
[1.294s] [ext: omni.graph.action_core-1.1.7] startup
[1.295s] [ext: omni.kit.usd.collect-2.4.5] startup
[1.297s] [ext: isaacsim.gui.content_browser-0.1.11] startup
[1.298s] [ext: omni.graph.action_nodes-1.50.4] startup
[1.300s] [ext: omni.kit.widget.prompt-1.0.7] startup
[1.301s] [ext: omni.graph.action-1.130.0] startup
[1.302s] [ext: omni.kit.tool.collect-2.2.18] startup
[1.305s] [ext: omni.index.libs-380600.8087.0] startup
[1.306s] [ext: omni.ujitso.client-0.0.0] startup
[1.306s] [ext: omni.index-1.0.1] startup
[1.307s] [ext: omni.volume-0.5.2] startup
[1.309s] [ext: omni.hydra.rtx.shadercache.vulkan-1.0.0] startup
[1.311s] [ext: omni.kit.context_menu-1.8.6] startup
[1.312s] [ext: omni.hydra.rtx-1.0.0] startup
2026-04-29T10:45:06Z [1,314ms] [Warning] [omni.log] Source: omni.hydra was already registered.
[1.333s] [ext: omni.kit.material.library-2.0.7] startup
[1.336s] [ext: omni.hydra.engine.stats-1.0.3] startup
[1.338s] [ext: omni.kit.widget.stage_icons-1.0.8] startup
[1.339s] [ext: omni.kit.viewport.scene_camera_model-1.0.6] startup
[1.341s] [ext: omni.kit.hydra_texture-1.4.6] startup
[1.343s] [ext: omni.kit.viewport.legacy_gizmos-1.0.19] startup
[1.344s] [ext: omni.kit.widget.searchfield-1.1.8] startup
[1.345s] [ext: omni.kit.widget.viewport-107.1.3] startup
[1.348s] [ext: omni.kit.viewport.registry-104.0.6] startup
[1.348s] [ext: omni.kit.raycast.query-1.1.0] startup
[1.351s] [ext: omni.kit.widget.stage-3.1.4] startup
[1.357s] [ext: omni.kit.widget.zoombar-1.0.6] startup
[1.358s] [ext: omni.kit.viewport.window-107.2.0] startup
[1.368s] [ext: omni.kit.window.stage-2.6.1] startup
[1.370s] [ext: omni.kit.browser.core-2.3.13] startup
[1.373s] [ext: omni.kit.menu.stage-1.2.7] startup
[1.373s] [ext: omni.kit.browser.folder.core-1.10.9] startup
[1.376s] [ext: omni.kit.property.adapter.core-1.0.2] startup
[1.378s] [ext: omni.kit.widget.highlight_label-1.0.3] startup
[1.378s] [ext: omni.kit.property.adapter.usd-1.0.2] startup
[1.379s] [ext: omni.ui_query-1.1.8] startup
[1.380s] [ext: omni.kit.window.property-1.12.1] startup
[1.381s] [ext: omni.kit.property.adapter.fabric-1.0.3] startup
[1.382s] [ext: omni.kit.ui_test-1.3.7] startup
[1.383s] [ext: omni.kit.property.usd-4.5.12] startup
[1.390s] [ext: omni.kit.viewport.utility-1.1.2] startup
[1.391s] [ext: omni.kit.manipulator.viewport-107.0.1] startup
[1.392s] [ext: omni.kit.usdz_export-1.0.9] startup
[1.393s] [ext: omni.kit.window.extensions-1.4.27] startup
[1.397s] [ext: omni.graph.visualization.nodes-2.1.3] startup
[1.400s] [ext: omni.kit.tool.asset_importer-4.3.2] startup
[1.407s] [ext: isaacsim.gui.components-1.2.1] startup
[1.410s] [ext: isaacsim.examples.browser-0.2.1] startup
[1.413s] [ext: isaacsim.asset.importer.urdf-2.4.30] startup
[1.448s] [ext: omni.kit.menu.create-2.0.1] startup
[1.450s] [ext: omni.physics.tensors-107.3.26] startup
[1.457s] [ext: omni.usd.metrics.assembler-107.3.1] startup
[1.459s] [ext: omni.kit.widget.graph-2.0.0] startup
[1.462s] [ext: omni.kit.widget.searchable_combobox-1.0.6] startup
[1.463s] [ext: omni.warp.core-1.8.2] startup
[1.582s] [ext: omni.usd.metrics.assembler.physics-107.3.26] startup
[1.584s] [ext: omni.kit.graph.delegate.default-1.2.3] startup
[1.585s] [ext: omni.kit.scripting-107.3.2] startup
[1.588s] [ext: omni.physx.tensors-107.3.26] startup
[1.591s] [ext: isaacsim.core.utils-3.5.1] startup
[1.592s] [ext: omni.anim.asset-107.3.0] startup
[1.594s] [ext: isaacsim.core.simulation_manager-1.4.4] startup
[1.735s] [ext: omni.graph.scriptnode-1.50.0] startup
[1.738s] [ext: omni.kit.graph.editor.core-1.5.3] startup
[1.742s] [ext: omni.kit.widget.settings-1.2.6] startup
[1.744s] [ext: omni.kit.primitive.mesh-1.0.17] startup
[1.748s] [ext: isaacsim.core.prims-0.6.1] startup
[1.764s] [ext: omni.kit.widget.material_preview-1.0.16] startup
[1.766s] [ext: omni.kit.graph.usd.commands-1.3.1] startup
[1.768s] [ext: omni.graph.image.core-0.6.1] startup
[1.768s] [ext: omni.kit.window.preferences-1.8.0] startup
[1.772s] [ext: omni.kit.stage_templates-2.0.0] startup
[1.773s] [ext: isaacsim.asset.browser-1.3.23] startup
[1.809s] [ext: omni.graph.image.nodes-1.3.1] startup
[1.810s] [ext: omni.kit.viewport.menubar.core-107.2.1] startup
[1.818s] [ext: isaacsim.core.api-4.8.0] startup
[1.823s] [ext: omni.kit.window.material_graph-1.9.1] startup
[1.829s] [ext: omni.kit.viewport.actions-107.0.2] startup
[1.832s] [ext: omni.graph.nodes-1.170.10] startup
[1.837s] [ext: omni.syntheticdata-0.6.13] startup
[1.852s] [ext: omni.isaac.assets_check-0.3.13] startup
2026-04-29T10:45:07Z [1,844ms] [Warning] [omni.isaac.assets_check] omni.isaac.assets_check has been deprecated in favor of isaacsim.asset.browser. Please update your code accordingly.
[1.853s] [ext: isaacsim.core.cloner-1.4.10] startup
[1.855s] [ext: omni.kit.viewport.menubar.display-107.0.3] startup
[1.859s] [ext: omni.graph.ui_nodes-1.50.5] startup
[1.862s] [ext: omni.videoencoding-0.1.2] startup
[1.866s] [ext: omni.isaac.cloner-1.0.7] startup
2026-04-29T10:45:07Z [1,858ms] [Warning] [omni.isaac.cloner] omni.isaac.cloner has been deprecated in favor of isaacsim.core.cloner. Please update your code accordingly.
[1.867s] [ext: isaacsim.gui.sensors.icon-2.0.3] startup
[1.879s] [ext: omni.warp-1.8.2] startup
[1.885s] [ext: omni.anim.retarget.core-107.3.3] startup
[1.890s] [ext: omni.debugdraw-0.1.4] startup
[1.893s] [ext: omni.replicator.core-1.12.27] startup
2026-04-29T10:45:07Z [1,894ms] [Warning] [pxr.Semantics] pxr.Semantics is deprecated - please use Semantics instead
2026-04-29T10:45:07Z [1,987ms] [Warning] [omni.graph.core.plugin] Found duplicate of category 'Replicator' - was 'Annotators', adding 'Fabric Reader'
2026-04-29T10:45:07Z [1,987ms] [Warning] [omni.graph.core.plugin] Category 'Replicator' not accepted on node type 'omni.replicator.core.FabricReader' in extension 'omni.replicator.core'
2026-04-29T10:45:07Z [1,988ms] [Warning] [omni.replicator.core.scripts.extension] No material configuration file, adding configuration to material settings directly.
[1.999s] [ext: omni.kit.quicklayout-1.0.8] startup
[2.002s] [ext: omni.anim.navigation.core-107.3.8] startup
[2.007s] [ext: omni.anim.graph.core-107.3.4] startup
[2.012s] [ext: omni.metropolis.utils-0.1.20] startup
[2.043s] [ext: isaacsim.asset.importer.mjcf-2.5.13] startup
2026-04-29T10:45:07Z [2,043ms] [Warning] [omni.graph.core._impl._registration.register_python_ogn] Python import process in omni.anim.graph.core failed - 'NoneType' object is not subscriptable. Aborting Python node registration
[2.053s] [ext: omni.anim.people-0.7.9] startup
[2.064s] [ext: isaacsim.test.docstring-1.1.0] startup
[2.068s] [ext: isaacsim.core.experimental.utils-0.3.0] startup
[2.071s] [ext: isaacsim.anim.robot-0.0.15] startup
[2.093s] [ext: isaacsim.core.experimental.prims-0.8.1] startup
[2.207s] [ext: isaacsim.core.nodes-3.4.3] startup
[2.253s] [ext: omni.flowusd-107.1.8] startup
2026-04-29T10:45:07Z [2,246ms] [Warning] [omni.stageupdate.plugin] Deprecated: direct use of IStageUpdate callbacks is deprecated. Use IStageUpdate::getStageUpdate instead.
[2.296s] [ext: omni.sensors.nv.common-3.0.0] startup
[2.354s] [ext: isaacsim.core.experimental.materials-0.4.0] startup
[2.425s] [ext: omni.isaac.core-4.0.7] startup
2026-04-29T10:45:08Z [2,419ms] [Warning] [omni.isaac.core.physics_context.physics_context] omni.isaac.core.physics_context.physics_context has been deprecated in favor of isaacsim.core.api.physics_context.physics_context. Please update your code accordingly.
2026-04-29T10:45:08Z [2,419ms] [Warning] [omni.isaac.core.simulation_context.simulation_context] omni.isaac.core.simulation_context.simulation_context has been deprecated in favor of isaacsim.core.api.simulation_context.simulation_context. Please update your code accordingly.
2026-04-29T10:45:08Z [2,420ms] [Warning] [omni.isaac.core.world.world] omni.isaac.core.world.world has been deprecated in favor of isaacsim.core.api.world.world. Please update your code accordingly.
2026-04-29T10:45:08Z [2,420ms] [Warning] [omni.isaac.core] omni.isaac.core has been deprecated in favor of isaacsim.core.api. Please update your code accordingly.
[2.430s] [ext: isaacsim.replicator.incident-0.1.28] startup
[2.455s] [ext: omni.sensors.net-1.0.0] startup
[2.457s] [ext: omni.sensors.nv.materials-2.0.0] startup
[2.462s] [ext: isaacsim.sensors.camera-1.3.6] startup
[2.466s] [ext: omni.sensors.nv.wpm-3.0.0] startup
[2.468s] [ext: isaacsim.util.debug_draw-3.1.0] startup
[2.473s] [ext: omni.sensors.nv.ids-2.0.0] startup
[2.477s] [ext: omni.sensors.nv.lidar-3.0.0] startup
[2.482s] [ext: omni.sensors.nv.radar-3.0.0] startup
[2.484s] [ext: isaacsim.sensors.physics-0.4.3] startup
[2.501s] [ext: isaacsim.robot_motion.lula-4.0.8] startup
[2.507s] [ext: isaacsim.robot.surface_gripper-3.3.1] startup
[2.510s] [ext: isaacsim.sensors.rtx-15.8.4] startup
[2.517s] [ext: omni.kit.mesh.raycast-107.0.1] startup
[2.524s] [ext: isaacsim.robot_motion.motion_generation-8.0.26] startup
[2.529s] [ext: isaacsim.robot.manipulators-3.3.6] startup
[2.531s] [ext: isaacsim.core.experimental.objects-0.4.0] startup
[2.539s] [ext: omni.isaac.core_nodes-2.0.6] startup
2026-04-29T10:45:08Z [2,532ms] [Warning] [omni.isaac.core_nodes] omni.isaac.core_nodes has been deprecated in favor of isaacsim.core.nodes. Please update your code accordingly.
[2.541s] [ext: isaacsim.replicator.agent.core-0.7.28] startup
[2.548s] [ext: isaacsim.robot.manipulators.examples-1.1.2] startup
[2.549s] [ext: isaacsim.simulation_app-2.12.2] startup
[2.550s] [ext: omni.kit.selection-0.1.6] startup
[2.552s] [ext: omni.isaac.franka-1.0.7] startup
2026-04-29T10:45:08Z [2,543ms] [Warning] [omni.isaac.franka] omni.isaac.franka has been deprecated in favor of isaacsim.robot.manipulators.examples.franka. Please update your code accordingly.
2026-04-29T10:45:08Z [2,543ms] [Warning] [omni.isaac.franka.franka] omni.isaac.franka has been deprecated in favor of isaacsim.robot.manipulators.examples.franka. Please update your code accordingly.
2026-04-29T10:45:08Z [2,556ms] [Warning] [omni.isaac.franka.kinematics_solver] omni.isaac.franka has been deprecated in favor of isaacsim.robot.manipulators.examples.franka. Please update your code accordingly.
[2.565s] [ext: isaacsim.robot_motion.lula_test_widget-1.0.12] startup
[2.567s] [ext: omni.isaac.kit-2.0.6] startup
2026-04-29T10:45:08Z [2,559ms] [Warning] [omni.isaac.kit] omni.isaac.kit has been deprecated in favor of isaacsim.simulation_app. Please update your code accordingly.
[2.568s] [ext: isaacsim.gui.menu-2.4.4] startup
[2.571s] [ext: omni.isaac.asset_browser-1.0.6] startup
2026-04-29T10:45:08Z [2,564ms] [Warning] [omni.isaac.asset_browser] omni.isaac.asset_browser has been deprecated in favor of isaacsim.asset.browser. Please update your code accordingly.
[2.573s] [ext: omni.isaac.lula_test_widget-1.0.6] startup
2026-04-29T10:45:08Z [2,567ms] [Warning] [omni.isaac.lula_test_widget] omni.isaac.lula_test_widget has been deprecated in favor of isaacsim.robot_motion.lula_test_widget. Please update your code accordingly.
[2.575s] [ext: omni.isaac.manipulators-3.0.7] startup
2026-04-29T10:45:08Z [2,568ms] [Warning] [omni.isaac.manipulators] omni.isaac.manipulators has been deprecated in favor of isaacsim.robot.manipulators. Please update your code accordingly.
2026-04-29T10:45:08Z [2,568ms] [Warning] [omni.isaac.manipulators.controllers] omni.isaac.manipulators has been deprecated in favor of isaacsim.robot.manipulators. Please update your code accordingly.
2026-04-29T10:45:08Z [2,568ms] [Warning] [omni.isaac.manipulators.controllers.pick_place_controller] omni.isaac.manipulators has been deprecated in favor of isaacsim.robot.manipulators. Please update your code accordingly.
2026-04-29T10:45:08Z [2,568ms] [Warning] [omni.isaac.manipulators.controllers.stacking_controller] omni.isaac.manipulators has been deprecated in favor of isaacsim.robot.manipulators. Please update your code accordingly.
2026-04-29T10:45:08Z [2,568ms] [Warning] [omni.isaac.manipulators.grippers] omni.isaac.manipulators has been deprecated in favor of isaacsim.robot.manipulators. Please update your code accordingly.
2026-04-29T10:45:08Z [2,569ms] [Warning] [omni.isaac.manipulators.grippers.gripper] omni.isaac.manipulators has been deprecated in favor of isaacsim.robot.manipulators. Please update your code accordingly.
2026-04-29T10:45:08Z [2,569ms] [Warning] [omni.isaac.manipulators.grippers.parallel_gripper] omni.isaac.manipulators has been deprecated in favor of isaacsim.robot.manipulators. Please update your code accordingly.
2026-04-29T10:45:08Z [2,569ms] [Warning] [omni.isaac.manipulators.grippers.surface_gripper] omni.isaac.manipulators has been deprecated in favor of isaacsim.robot.manipulators. Please update your code accordingly.
2026-04-29T10:45:08Z [2,569ms] [Warning] [omni.isaac.manipulators.manipulators] omni.isaac.manipulators has been deprecated in favor of isaacsim.robot.manipulators. Please update your code accordingly.
2026-04-29T10:45:08Z [2,569ms] [Warning] [omni.isaac.manipulators.manipulators.single_manipulator] omni.isaac.manipulators has been deprecated in favor of isaacsim.robot.manipulators. Please update your code accordingly.
[2.578s] [ext: omni.isaac.menu-1.0.6] startup
2026-04-29T10:45:08Z [2,570ms] [Warning] [omni.isaac.menu] omni.isaac.menu has been deprecated in favor of isaacsim.gui.menu. Please update your code accordingly.
[2.579s] [ext: isaacsim.robot.policy.examples-4.1.11] startup
[2.583s] [ext: isaacsim.sensors.physx-2.3.2] startup
[2.587s] [ext: omni.isaac.motion_generation-8.0.7] startup
2026-04-29T10:45:08Z [2,580ms] [Warning] [omni.isaac.motion_generation] omni.isaac.motion_generation has been deprecated in favor of isaacsim.robot_motion.motion_generation. Please update your code accordingly.
2026-04-29T10:45:08Z [2,580ms] [Warning] [omni.isaac.motion_generation.articulation_kinematics_solver] omni.isaac.motion_generation has been deprecated in favor of isaacsim.robot_motion.motion_generation. Please update your code accordingly.
2026-04-29T10:45:08Z [2,580ms] [Warning] [omni.isaac.motion_generation.articulation_motion_policy] omni.isaac.motion_generation has been deprecated in favor of isaacsim.robot_motion.motion_generation. Please update your code accordingly.
2026-04-29T10:45:08Z [2,580ms] [Warning] [omni.isaac.motion_generation.articulation_trajectory] omni.isaac.motion_generation has been deprecated in favor of isaacsim.robot_motion.motion_generation. Please update your code accordingly.
2026-04-29T10:45:08Z [2,580ms] [Warning] [omni.isaac.motion_generation.kinematics_interface] omni.isaac.motion_generation has been deprecated in favor of isaacsim.robot_motion.motion_generation. Please update your code accordingly.
2026-04-29T10:45:08Z [2,580ms] [Warning] [omni.isaac.motion_generation.lula] omni.isaac.motion_generation has been deprecated in favor of isaacsim.robot_motion.motion_generation. Please update your code accordingly.
2026-04-29T10:45:08Z [2,580ms] [Warning] [omni.isaac.motion_generation.lula.kinematics] omni.isaac.motion_generation has been deprecated in favor of isaacsim.robot_motion.motion_generation. Please update your code accordingly.
2026-04-29T10:45:08Z [2,581ms] [Warning] [omni.isaac.motion_generation.lula.motion_policies] omni.isaac.motion_generation has been deprecated in favor of isaacsim.robot_motion.motion_generation. Please update your code accordingly.
2026-04-29T10:45:08Z [2,581ms] [Warning] [omni.isaac.motion_generation.lula.path_planners] omni.isaac.motion_generation has been deprecated in favor of isaacsim.robot_motion.motion_generation. Please update your code accordingly.
2026-04-29T10:45:08Z [2,581ms] [Warning] [omni.isaac.motion_generation.lula.trajectory_generator] omni.isaac.motion_generation has been deprecated in favor of isaacsim.robot_motion.motion_generation. Please update your code accordingly.
2026-04-29T10:45:08Z [2,581ms] [Warning] [omni.isaac.motion_generation.motion_policy_controller] omni.isaac.motion_generation has been deprecated in favor of isaacsim.robot_motion.motion_generation. Please update your code accordingly.
2026-04-29T10:45:08Z [2,581ms] [Warning] [omni.isaac.motion_generation.motion_policy_interface] omni.isaac.motion_generation has been deprecated in favor of isaacsim.robot_motion.motion_generation. Please update your code accordingly.
2026-04-29T10:45:08Z [2,581ms] [Warning] [omni.isaac.motion_generation.path_planner_visualizer] omni.isaac.motion_generation has been deprecated in favor of isaacsim.robot_motion.motion_generation. Please update your code accordingly.
2026-04-29T10:45:08Z [2,581ms] [Warning] [omni.isaac.motion_generation.path_planning_interface] omni.isaac.motion_generation has been deprecated in favor of isaacsim.robot_motion.motion_generation. Please update your code accordingly.
2026-04-29T10:45:08Z [2,582ms] [Warning] [omni.isaac.motion_generation.trajectory] omni.isaac.motion_generation has been deprecated in favor of isaacsim.robot_motion.motion_generation. Please update your code accordingly.
2026-04-29T10:45:08Z [2,582ms] [Warning] [omni.isaac.motion_generation.world_interface] omni.isaac.motion_generation has been deprecated in favor of isaacsim.robot_motion.motion_generation. Please update your code accordingly.
[2.590s] [ext: omni.isaac.nucleus-1.0.6] startup
2026-04-29T10:45:08Z [2,583ms] [Warning] [omni.isaac.nucleus] omni.isaac.nucleus has been deprecated in favor of isaacsim.storage.native. Please update your code accordingly.
2026-04-29T10:45:08Z [2,583ms] [Warning] [omni.isaac.nucleus.nucleus] omni.isaac.nucleus.nucleus has been deprecated in favor of isaacsim.storage.native. Please update your code accordingly.
[2.592s] [ext: omni.isaac.quadruped-3.0.7] startup
2026-04-29T10:45:08Z [2,584ms] [Warning] [omni.isaac.quadruped] omni.isaac.quadruped has been deprecated in favor of isaacsim.robot.policy.examples. Please update your code accordingly.
[2.593s] [ext: omni.isaac.range_sensor-4.0.6] startup
2026-04-29T10:45:08Z [2,586ms] [Warning] [omni.isaac.range_sensor] omni.isaac.range_sensor has been deprecated in favor of isaacsim.sensors.physx. Please update your code accordingly.
2026-04-29T10:45:08Z [2,587ms] [Warning] [omni.isaac.range_sensor.commands] omni.isaac.range_sensor.commands has been deprecated in favor of isaacsim.sensors.physx.commands. Please update your code accordingly.
[2.596s] [ext: omni.isaac.sensor-13.0.7] startup
2026-04-29T10:45:08Z [2,588ms] [Warning] [omni.isaac.sensor] omni.isaac.sensor has been deprecated in favor of isaacsim.sensors.camera, isaacsim.sensors.physics, isaacsim.sensors.physx, and isaacsim.sensors.rtx. Please update your code accordingly.
2026-04-29T10:45:08Z [2,588ms] [Warning] [omni.isaac.sensor.camera] omni.isaac.sensor.camera has been deprecated in favor of isaacsim.sensors.camera.camera. Please update your code accordingly.
2026-04-29T10:45:08Z [2,589ms] [Warning] [omni.isaac.sensor.camera_view] omni.isaac.sensor.camera_view has been deprecated in favor of isaacsim.sensors.camera.camera_view. Please update your code accordingly.
2026-04-29T10:45:08Z [2,589ms] [Warning] [omni.isaac.sensor.commands] omni.isaac.sensor.commands has been deprecated in favor of isaacsim.sensors.physics.commands, isaacsim.sensors.physx.commands, and isaacsim.sensors.rtx.commands. Please update your code accordingly.
2026-04-29T10:45:08Z [2,589ms] [Warning] [omni.isaac.sensor.contact_sensor] omni.isaac.sensor.contact_sensor has been deprecated in favor of isaacsim.sensors.physics.contact_sensor. Please update your code accordingly.
2026-04-29T10:45:08Z [2,589ms] [Warning] [omni.isaac.sensor.imu_sensor] omni.isaac.sensor.imu_sensor has been deprecated in favor of isaacsim.sensors.physics.imu_sensor. Please update your code accordingly.
2026-04-29T10:45:08Z [2,589ms] [Warning] [omni.isaac.sensor.lidar_rtx] omni.isaac.sensor.lidar_rtx has been deprecated in favor of isaacsim.sensors.rtx.lidar_rtx. Please update your code accordingly.
2026-04-29T10:45:08Z [2,589ms] [Warning] [omni.isaac.sensor.rotating_lidar_physX] omni.isaac.sensor.imu_sensor has been deprecated in favor of isaacsim.sensors.physix.rotating_lidar_physX. Please update your code accordingly.
2026-04-29T10:45:08Z [2,589ms] [Warning] [omni.isaac.sensor.scripts.samples.contact_sensor] omni.isaac.sensor.scripts.samples.contact_sensor has been deprecated in favor of isaacsim.sensors.physics.scripts.samples.contact_sensor. Please update your code accordingly.
2026-04-29T10:45:08Z [2,589ms] [Warning] [omni.isaac.sensor.scripts.samples.imu_sensor] omni.isaac.sensor.scripts.samples.imu_sensor has been deprecated in favor of isaacsim.sensors.physics.scripts.samples.imu_sensor. Please update your code accordingly.
2026-04-29T10:45:08Z [2,589ms] [Warning] [omni.isaac.sensor.scripts.samples.lightbeam_sensor] omni.isaac.sensor.scripts.samples.lightbeam_sensor has been deprecated in favor of isaacsim.sensors.physx.scripts.samples.lightbeam_sensor. Please update your code accordingly.
[2.598s] [ext: omni.isaac.surface_gripper-2.0.6] startup
2026-04-29T10:45:08Z [2,590ms] [Warning] [omni.isaac.surface_gripper] omni.isaac.surface_gripper has been deprecated in favor of isaacsim.robot.surface_gripper. Please update your code accordingly.
[2.599s] [ext: omni.kit.widget.toolbar-2.0.1] startup
[2.609s] [ext: omni.kit.manipulator.transform-107.0.0] startup
[2.612s] [ext: omni.kit.manipulator.selector-1.1.3] startup
[2.613s] [ext: isaacsim.app.about-2.0.11] startup
[2.617s] [ext: isaacsim.cortex.framework-1.0.12] startup
[2.617s] [ext: omni.kit.manipulator.tool.snap-1.5.13] startup
[2.620s] [ext: omni.isaac.universal_robots-1.0.6] startup
2026-04-29T10:45:08Z [2,612ms] [Warning] [omni.isaac.universal_robots] omni.isaac.universal_robots has been deprecated in favor of isaacsim.robot.manipulators.examples.universal_robots. Please update your code accordingly.
2026-04-29T10:45:08Z [2,612ms] [Warning] [omni.isaac.universal_robots.kinematics_solver] omni.isaac.franka has been deprecated in favor of isaacsim.robot.manipulators.examples.universal_robots. Please update your code accordingly.
2026-04-29T10:45:08Z [2,613ms] [Warning] [omni.isaac.universal_robots.ur10] omni.isaac.franka has been deprecated in favor of isaacsim.robot.manipulators.examples.universal_robots. Please update your code accordingly.
[2.622s] [ext: omni.isaac.utils-2.0.6] startup
[2.623s] [ext: omni.isaac.cortex-1.0.5] startup
2026-04-29T10:45:08Z [2,616ms] [Warning] [omni.isaac.cortex] omni.isaac.cortex has been deprecated in favor of isaacsim.cortex.framework. Please update your code accordingly.
[2.624s] [ext: omni.kit.viewport.manipulator.transform-107.0.4] startup
[2.627s] [ext: omni.isaac.window.about-2.0.7] startup
2026-04-29T10:45:08Z [2,619ms] [Warning] [omni.isaac.window.about] omni.isaac.window.about has been deprecated in favor of isaacsim.app.about. Please update your code accordingly.
2026-04-29T10:45:08Z [2,619ms] [Warning] [omni.isaac.window.about.about] omni.isaac.window.about.about has been deprecated in favor of isaacsim.app.about.about. Please update your code accordingly.
[2.628s] [ext: omni.kit.manipulator.camera-106.0.4] startup
[2.631s] [ext: omni.kit.property.audio-1.0.16] startup
[2.631s] [ext: omni.fabric.commands-1.1.6] startup
[2.633s] [ext: omni.kit.manipulator.prim.core-107.0.8] startup
[2.637s] [ext: omni.kit.property.camera-1.0.10] startup
[2.638s] [ext: omni.kit.property.geometry-2.0.4] startup
[2.640s] [ext: omni.kit.property.light-1.0.12] startup
[2.647s] [ext: omni.hydra.scene_api-0.1.2] startup
[2.650s] [ext: omni.kit.manipulator.prim.fabric-107.0.4] startup
[2.651s] [ext: omni.kit.manipulator.prim.usd-107.0.3] startup
[2.652s] [ext: omni.kit.property.material-1.11.9] startup
[2.656s] [ext: omni.kit.property.render-1.2.1] startup
[2.657s] [ext: omni.kit.property.transform-1.5.13] startup
[2.659s] [ext: isaacsim.gui.property-1.1.3] startup
[2.660s] [ext: omni.kit.manipulator.prim-107.0.0] startup
[2.661s] [ext: omni.kit.manipulator.selection-106.0.1] startup
[2.662s] [ext: omni.isaac.lula-4.0.6] startup
2026-04-29T10:45:08Z [2,653ms] [Warning] [omni.isaac.lula] omni.isaac.lula has been deprecated in favor of isaacsim.robot_motion.lula. Please update your code accordingly.
[2.662s] [ext: omni.kit.property.bundle-1.4.1] startup
[2.663s] [ext: omni.kit.property.isaac-1.0.6] startup
2026-04-29T10:45:08Z [2,655ms] [Warning] [omni.kit.property.isaac] omni.kit.property.isaac has been deprecated in favor of isaacsim.gui.property. Please update your code accordingly.
2026-04-29T10:45:08Z [2,655ms] [Warning] [omni.kit.property.isaac.widgets] omni.kit.property.isaac.widgets has been deprecated in favor of isaacsim.gui.property.widgets. Please update your code accordingly.
[2.664s] [ext: isaacsim.replicator.writers-1.0.17] startup
[2.672s] [ext: omni.kit.viewport.menubar.camera-107.0.6] startup
[2.678s] [ext: omni.kit.viewport.menubar.lighting-107.3.1] startup
[2.680s] [ext: omni.kit.viewport.menubar.render-107.0.10] startup
[2.684s] [ext: omni.kit.viewport.menubar.settings-107.0.3] startup
[2.687s] [ext: isaacsim.replicator.domain_randomization-1.0.16] startup
[2.689s] [ext: isaacsim.replicator.examples-1.3.6] startup
[2.690s] [ext: omni.ocio-0.1.1] startup
[2.692s] [ext: omni.rtx.window.settings-0.6.19] startup
[2.700s] [ext: omni.kit.window.console-1.1.4] startup
[2.706s] [ext: omni.kit.window.status_bar-0.1.9] startup
[2.708s] [ext: omni.kit.window.toolbar-2.0.0] startup
[2.709s] [ext: omni.replicator.isaac-2.0.8] startup
2026-04-29T10:45:08Z [2,701ms] [Warning] [omni.replicator.isaac] omni.replicator.isaac has been deprecated in favor of isaacsim.replicator.domain_randomization, isaacsim.replicator.examples, isaacsim.replicator.writers. Please update your code accordingly.
[2.710s] [ext: omni.replicator.replicator_yaml-2.0.11] startup
[2.713s] [ext: omni.rtx.settings.core-0.6.5] startup
[2.717s] [ext: omni.usd.metrics.assembler.ui-107.3.1] startup
[2.723s] [ext: isaacsim.robot.wheeled_robots-4.0.24] startup
[2.726s] [ext: isaacsim.cortex.behaviors-2.0.14] startup
[2.728s] [ext: omni.isaac.version-2.0.7] startup
2026-04-29T10:45:08Z [2,720ms] [Warning] [omni.isaac.version] omni.isaac.version has been deprecated in favor of isaacsim.core.version. Please update your code accordingly.
[2.729s] [ext: semantics.schema.editor-2.0.2] startup
[2.733s] [ext: omni.kit.ui.actions-1.0.5] startup
[2.735s] [ext: semantics.schema.property-2.0.1] startup
[2.737s] [ext: omni.isaac.wheeled_robots-3.0.7] startup
2026-04-29T10:45:08Z [2,729ms] [Warning] [omni.isaac.wheeled_robots] omni.isaac.wheeled_robots has been deprecated in favor of isaacsim.robot.wheeled_robots. Please update your code accordingly.
2026-04-29T10:45:08Z [2,729ms] [Warning] [omni.isaac.wheeled_robots.controllers] omni.isaac.wheeled_robots has been deprecated in favor of isaacsim.robot.wheeled_robots. Please update your code accordingly.
2026-04-29T10:45:08Z [2,729ms] [Warning] [omni.isaac.wheeled_robots.controllers.ackermann_controller] omni.isaac.wheeled_robots has been deprecated in favor of isaacsim.robot.wheeled_robots. Please update your code accordingly.
2026-04-29T10:45:08Z [2,730ms] [Warning] [omni.isaac.wheeled_robots.controllers.differential_controller] omni.isaac.wheeled_robots has been deprecated in favor of isaacsim.robot.wheeled_robots. Please update your code accordingly.
2026-04-29T10:45:08Z [2,730ms] [Warning] [omni.isaac.wheeled_robots.controllers.holonomic_controller] omni.isaac.wheeled_robots has been deprecated in favor of isaacsim.robot.wheeled_robots. Please update your code accordingly.
2026-04-29T10:45:08Z [2,730ms] [Warning] [omni.isaac.wheeled_robots.controllers.quintic_path_planner] omni.isaac.wheeled_robots has been deprecated in favor of isaacsim.robot.wheeled_robots. Please update your code accordingly.
2026-04-29T10:45:08Z [2,730ms] [Warning] [omni.isaac.wheeled_robots.controllers.stanley_control] omni.isaac.wheeled_robots has been deprecated in favor of isaacsim.robot.wheeled_robots. Please update your code accordingly.
2026-04-29T10:45:08Z [2,730ms] [Warning] [omni.isaac.wheeled_robots.controllers.wheel_base_pose_controller] omni.isaac.wheeled_robots has been deprecated in favor of isaacsim.robot.wheeled_robots. Please update your code accordingly.
2026-04-29T10:45:08Z [2,730ms] [Warning] [omni.isaac.wheeled_robots.impl] omni.isaac.wheeled_robots has been deprecated in favor of isaacsim.robot.wheeled_robots. Please update your code accordingly.
2026-04-29T10:45:08Z [2,731ms] [Warning] [omni.isaac.wheeled_robots.robots] omni.isaac.wheeled_robots has been deprecated in favor of isaacsim.robot.wheeled_robots. Please update your code accordingly.
2026-04-29T10:45:08Z [2,731ms] [Warning] [omni.isaac.wheeled_robots.robots.holonomic_robot_usd_setup] omni.isaac.wheeled_robots has been deprecated in favor of isaacsim.robot.wheeled_robots. Please update your code accordingly.
2026-04-29T10:45:08Z [2,731ms] [Warning] [omni.isaac.wheeled_robots.robots.wheeled_robot] omni.isaac.wheeled_robots has been deprecated in favor of isaacsim.robot.wheeled_robots. Please update your code accordingly.
[2.740s] [ext: omni.isaac.cortex.sample_behaviors-2.0.5] startup
2026-04-29T10:45:08Z [2,732ms] [Warning] [omni.isaac.cortex.sample_behaviors] omni.isaac.cortex.sample_behaviors has been deprecated in favor of isaacsim.cortex.behaviors. Please update your code accordingly.
[2.743s] [ext: isaacsim.replicator.behavior-1.1.16] startup
[2.744s] [ext: isaacsim.core.throttling-2.2.2] startup
[2.746s] [ext: omni.kit.menu.common-2.0.1] startup
[2.748s] [ext: isaacsim.exp.base-5.1.0] startup
[2.749s] [ext: isaacsim.exp.base.python-5.1.0] startup
[2.751s] Simulation App Starting
2026-04-29T10:45:08Z [2,816ms] [Warning] [omni.fabric.plugin] Warning: attribute viewportHandle not found for bucket id 9

[2.848s] app ready
[4.306s] Simulation App Startup Complete
2026-04-29T10:45:11Z [5,366ms] [Warning] [pegasus.simulator.logic.backends.ardupilot_mavlink_backend] [ArduPilotMavlinkBackendConfig] Initialized with vehicle_id=0, connection_type=udpin, connection_ip=127.0.0.1, connection_baseport=14550, ardupilot_autolaunch=True, ardupilot_dir=/home/rodrigogomes/ardupilot, ardupilot_vehicle_model=gazebo-iris, enable_lockstep=False, num_rotors=4, input_offset=[0.0, 0.0, 0.0, 0.0], input_scaling=[1000, 1000, 1000, 1000], zero_position_armed=[100, 100, 100, 100], update_rate=400
[5.382s] [ext: isaacsim.ros2.bridge-4.12.4] startup
[5.413s] Attempting to load system rclpy
[5.413s] Could not import system rclpy: No module named 'rclpy'
[5.413s] Attempting to load internal rclpy for ROS Distro: jazzy
[5.425s] rclpy loaded
2026-04-29T10:45:11Z [5,624ms] [Warning] [omni.isaac.core.prims.base_sensor] omni.isaac.core.prims.base_sensor has been deprecated in favor of isaacsim.core.api.sensors.base_sensor. Please update your code accordingly.
2026-04-29T10:45:11Z [5,624ms] [Warning] [omni.isaac.core.prims.geometry_prim] omni.isaac.core.prims.geometry_prim.GeometryPrim has been deprecated in favor of isaacsim.core.prims.SingleGeometryPrim. Please update your code accordingly.
2026-04-29T10:45:11Z [5,624ms] [Warning] [omni.isaac.core.prims.geometry_prim_view] omni.isaac.core.prims.geometry_prim_view.GeometryPrimView has been deprecated in favor of isaacsim.core.prims.GeometryPrim Please update your code accordingly.
2026-04-29T10:45:11Z [5,624ms] [Warning] [omni.isaac.core.prims.rigid_contact_view] omni.isaac.core.prims.rigid_contact_view has been deprecated in favor of isaacsim.core.api.sensors.rigid_contact_view. Please update your code accordingly.
2026-04-29T10:45:11Z [5,624ms] [Warning] [omni.isaac.core.prims.rigid_prim] omni.isaac.core.prims.rigid_prim.RigidPrim has been deprecated in favor of isaacsim.core.prims.SingleRigidPrim. Please update your code accordingly.
2026-04-29T10:45:11Z [5,624ms] [Warning] [omni.isaac.core.prims.rigid_prim_view] omni.isaac.core.prims.rigid_prim_view.RigidPrimView has been deprecated in favor of isaacsim.core.prims.RigidPrim. Please update your code accordingly.
2026-04-29T10:45:11Z [5,625ms] [Warning] [omni.isaac.core.prims.soft.cloth_prim] omni.isaac.core.prims.soft.cloth_prim.ClothPrim has been deprecated in favor of isaacsim.core.prims.SingleClothPrim. Please update your code accordingly.
2026-04-29T10:45:11Z [5,625ms] [Warning] [omni.isaac.core.prims.soft.particle_system] omni.isaac.core.prims.soft.particle_system.ParticleSystem has been deprecated in favor of isaacsim.core.prims.SingleParticleSystem. Please update your code accordingly.
2026-04-29T10:45:11Z [5,625ms] [Warning] [omni.isaac.core.prims.soft.particle_system_view] omni.isaac.core.prims.soft.particle_system_view.ParticleSystemView has been deprecated in favor of isaacsim.core.prims.ParticleSystem. Please update your code accordingly.
2026-04-29T10:45:11Z [5,625ms] [Warning] [omni.isaac.core.prims.xform_prim] omni.isaac.core.prims.xform_prim.XFormPrim has been deprecated in favor of isaacsim.core.prims.SingleXFormPrim. Please update your code accordingly.
2026-04-29T10:45:11Z [5,625ms] [Warning] [omni.isaac.core.prims.xform_prim_view] omni.isaac.core.prims.xform_prim_view.XFormPrimView has been deprecated in favor of isaacsim.core.prims.XFormPrim. Please update your code accordingly.
2026-04-29T10:45:11Z [5,627ms] [Warning] [omni.isaac.core.utils.torch.maths] omni.isaac.core.utils.torch.maths has been deprecated in favor of isaacsim.core.utils.torch.maths. Please update your code accordingly.
2026-04-29T10:45:11Z [5,627ms] [Warning] [omni.isaac.core.utils.torch.rotations] omni.isaac.core.utils.torch.rotations has been deprecated in favor of isaacsim.core.utils.torch.rotations. Please update your code accordingly.
2026-04-29T10:45:11Z [5,628ms] [Warning] [omni.isaac.core.utils.torch.tensor] omni.isaac.core.utils.torch.tensor has been deprecated in favor of isaacsim.core.utils.torch.tensor. Please update your code accordingly.
2026-04-29T10:45:11Z [5,628ms] [Warning] [omni.isaac.core.utils.torch.transformations] omni.isaac.core.utils.torch.transformations has been deprecated in favor of isaacsim.core.utils.torch.transformations. Please update your code accordingly.
Starting kit application with the following args:  ['/home/rodrigogomes/isaacsim_5.1.0/exts/isaacsim.simulation_app/isaacsim/simulation_app/simulation_app.py', '/home/rodrigogomes/isaacsim_5.1.0/apps/isaacsim.exp.base.python.kit', '--/app/tokens/exe-path=/home/rodrigogomes/isaacsim_5.1.0/kit', '--/persistent/app/viewport/displayOptions=3094', '--/rtx/materialDb/syncLoads=True', '--/rtx/hydra/materialSyncLoads=True', '--/omni.kit.plugin/syncUsdLoads=True', '--/app/renderer/resolution/width=1280', '--/app/renderer/resolution/height=720', '--/app/window/width=1440', '--/app/window/height=900', '--/renderer/multiGpu/enabled=True', '--/app/fastShutdown=True', '--/app/installSignalHandlers=0', '--ext-folder', '/home/rodrigogomes/isaacsim_5.1.0/exts', '--ext-folder', '/home/rodrigogomes/isaacsim_5.1.0/apps', '--/physics/cudaDevice=0', '--/plugins/carb.tasking.plugin/threadCount=32', '--/plugins/omni.tbb.globalcontrol/maxThreadCount=32', '--portable', '--no-window', '--/app/window/hideUi=1']
Passing the following args to the base kit application:  ['--task', 'quadcopter3', '--algo', 'ppo', '--preset', 'isaac_lab', '--checkpoint', '/home/rodrigogomes/dev_skrl/examples/rl/tasks/quadcopter3/logs/26-04-29_10-22-25-365537_PPO/checkpoints/best_agent.pt', '--n_envs', '4', '--record', '--record_dir', '/home/rodrigogomes/dev_skrl/examples/rl/play_records_web/quadcopter3_20260429_114504', '--record_every', '1', '--num_episodes_per_env', '3', '--compare_lqr']
Warp 1.8.2 initialized:
   CUDA Toolkit 12.8, Driver 13.1
   Devices:
     "cpu"      : "x86_64"
     "cuda:0"   : "NVIDIA GeForce RTX 5090" (31 GiB, sm_120, mempool enabled)
   Kernel cache:
     /home/rodrigogomes/.cache/warp/1.8.2
Warp DeprecationWarning: The `warp.sim` module is deprecated and will be removed in v1.10. Please transition to using the forthcoming Newton library instead.
[isaacsim.replicator.incident] started
Spawned 4 vehicles with 5 parts each (total 20 prims)
Spawned 4 vehicles with 5 parts each (total 20 prims)
RL has _root_prims: True
LQR has _root_prims: True

Loading checkpoint: /home/rodrigogomes/dev_skrl/examples/rl/tasks/quadcopter3/logs/26-04-29_10-22-25-365537_PPO/checkpoints/best_agent.pt
Loaded. Running inference...

[Recorder] Writing to: /home/rodrigogomes/dev_skrl/examples/rl/play_records_web/quadcopter3_20260429_114504
2026-04-29T10:45:11Z [5,718ms] [Warning] [isaacsim.core.simulation_manager.impl.simulation_manager] Disabling CCD for GPU dynamics as its not supported
[5.731s] [ext: omni.physx.fabric-107.3.26] startup
2026-04-29T10:45:12Z [7,097ms] [Warning] [pegasus.simulator.logic.interface.pegasus_interface] Loading a new environment into the simulator. Please wait...
2026-04-29T10:45:13Z [7,530ms] [Warning] [isaacsim.core.simulation_manager.impl.simulation_manager] changing backend from numpy to torch since numpy backend cannot be used with GPU piplines
2026-04-29T10:45:15Z [10,110ms] [Warning] [carb] Client gpu.foundation.plugin has acquired [gpu::unstable::IMemoryBudgetManagerFactory v0.1] 100 times. Consider accessing this interface with carb::getCachedInterface() (Performance warning)
Finished 3 episodes per env. Exiting.
2026-04-29T10:45:17Z [12,332ms] [Warning] [omni.usd] Unexpected reference count of 2 for UsdStage 'anon:0x35619eb0:World0.usd' while being closed in UsdContext (this may indicate it is still resident in memory).
[12.390s] Simulation App Shutting Down
