[Dashboard] cwd: /home/rodrigogomes/dev_skrl
[Dashboard] cmd: /home/rodrigogomes/isaacsim_5.1.0/python.sh /home/rodrigogomes/dev_skrl/examples/rl/play.py --task quadcopter3_2 --algo ppo --preset isaac_lab --checkpoint /home/rodrigogomes/dev_skrl/examples/rl/logs/q3_logs/q3_2_exp/checkpoints/best_agent.pt --n_envs 4 --record --record_dir /home/rodrigogomes/dev_skrl/examples/rl/play_records_web/quadcopter3_2_20260429_145753 --record_every 1 --num_episodes_per_env 3 --compare_lqr --headless
[Dashboard] record_dir: /home/rodrigogomes/dev_skrl/examples/rl/play_records_web/quadcopter3_2_20260429_145753
[Info] [carb] Logging to file: /home/rodrigogomes/isaacsim_5.1.0/kit/logs/Kit/Isaac-Sim Python/5.1/kit_20260429_145753.log
2026-04-29T13:57:53Z [0ms] [Warning] [carb.crashreporter-breakpad.plugin] [previous crash] preventing upload of minidump due to user opt-out: '/home/rodrigogomes/isaacsim_5.1.0/kit/data/Kit/Isaac-Sim Python/5.1/e55decb3-6439-4511-1e18c591-4a7d0181.dmp'
2026-04-29T13:57:53Z [0ms] [Warning] [carb.crashreporter-breakpad.plugin] [previous crash] preventing upload of minidump due to user opt-out: '/home/rodrigogomes/isaacsim_5.1.0/kit/data/Kit/Isaac-Sim Python/5.1/96ad024b-7eea-4690-57273d9d-18251788.dmp'
2026-04-29T13:57:53Z [0ms] [Warning] [carb.crashreporter-breakpad.plugin] [previous crash] preventing upload of minidump due to user opt-out: '/home/rodrigogomes/isaacsim_5.1.0/kit/data/Kit/Isaac-Sim Python/5.1/f608b34d-e157-486d-b9d1f186-0f35df09.dmp'
2026-04-29T13:57:53Z [1ms] [Warning] [carb.crashreporter-breakpad.plugin] [previous crash] preventing upload of minidump due to user opt-out: '/home/rodrigogomes/isaacsim_5.1.0/kit/data/Kit/Isaac-Sim Python/5.1/b1f0948d-9ef8-4b40-df2595bf-8a5aedb4.dmp'
2026-04-29T13:57:53Z [1ms] [Warning] [carb.crashreporter-breakpad.plugin] [previous crash] preventing upload of minidump due to user opt-out: '/home/rodrigogomes/isaacsim_5.1.0/kit/data/Kit/Isaac-Sim Python/5.1/a7f1f966-338e-48ce-10a92792-59656b20.dmp'
2026-04-29T13:57:53Z [1ms] [Warning] [carb.crashreporter-breakpad.plugin] [previous crash] preventing upload of minidump due to user opt-out: '/home/rodrigogomes/isaacsim_5.1.0/kit/data/Kit/Isaac-Sim Python/5.1/62fb1aa3-6640-4caf-e775e5a6-069fc553.dmp'
2026-04-29T13:57:53Z [1ms] [Warning] [carb.crashreporter-breakpad.plugin] [previous crash] preventing upload of minidump due to user opt-out: '/home/rodrigogomes/isaacsim_5.1.0/kit/data/Kit/Isaac-Sim Python/5.1/7ff438d5-9731-468d-14cfbfa6-ccf9753d.dmp'
2026-04-29T13:57:53Z [1ms] [Warning] [carb.crashreporter-breakpad.plugin] [previous crash] preventing upload of minidump due to user opt-out: '/home/rodrigogomes/isaacsim_5.1.0/kit/data/Kit/Isaac-Sim Python/5.1/0b4beda5-00b3-4c92-5c7a7aa2-69a8f2df.dmp'
2026-04-29T13:57:53Z [1ms] [Warning] [carb.crashreporter-breakpad.plugin] [previous crash] preventing upload of minidump due to user opt-out: '/home/rodrigogomes/isaacsim_5.1.0/kit/data/Kit/Isaac-Sim Python/5.1/d6b00058-b702-45fb-fa58b0ad-78f730e9.dmp'
2026-04-29T13:57:53Z [2ms] [Warning] [carb.crashreporter-breakpad.plugin] [previous crash] preventing upload of minidump due to user opt-out: '/home/rodrigogomes/isaacsim_5.1.0/kit/data/Kit/Isaac-Sim Python/5.1/c78a965f-60ef-4269-956e1d8d-19ab2b7b.dmp'
2026-04-29T13:57:53Z [2ms] [Warning] [carb.crashreporter-breakpad.plugin] [previous crash] preventing upload of minidump due to user opt-out: '/home/rodrigogomes/isaacsim_5.1.0/kit/data/Kit/Isaac-Sim Python/5.1/4121c365-578e-4209-3f9acfa2-624b278a.dmp'
2026-04-29T13:57:53Z [2ms] [Warning] [carb.crashreporter-breakpad.plugin] [previous crash] preventing upload of minidump due to user opt-out: '/home/rodrigogomes/isaacsim_5.1.0/kit/data/Kit/Isaac-Sim Python/5.1/2d7801cf-a0c4-4510-c9683b94-6f115d49.dmp'
2026-04-29T13:57:53Z [2ms] [Warning] [carb.crashreporter-breakpad.plugin] [previous crash] preventing upload of minidump due to user opt-out: '/home/rodrigogomes/isaacsim_5.1.0/kit/data/Kit/Isaac-Sim Python/5.1/9ad67fc7-1262-432b-95c4cc8a-ef339f75.dmp'
2026-04-29T13:57:53Z [2ms] [Warning] [carb.crashreporter-breakpad.plugin] [previous crash] preventing upload of minidump due to user opt-out: '/home/rodrigogomes/isaacsim_5.1.0/kit/data/Kit/Isaac-Sim Python/5.1/158b7fb5-51f2-4d63-c3ad2796-e3c8118b.dmp'
2026-04-29T13:57:53Z [2ms] [Warning] [carb.crashreporter-breakpad.plugin] [previous crash] preventing upload of minidump due to user opt-out: '/home/rodrigogomes/isaacsim_5.1.0/kit/data/Kit/Isaac-Sim Python/5.1/131e6a52-8e9d-4c0a-9b4e9d90-4eb918e5.dmp'
2026-04-29T13:57:53Z [2ms] [Warning] [carb.crashreporter-breakpad.plugin] [previous crash] preventing upload of minidump due to user opt-out: '/home/rodrigogomes/isaacsim_5.1.0/kit/data/Kit/Isaac-Sim Python/5.1/75430a12-5234-432f-140e31b7-afbbe3f7.dmp'
[0.026s] [ext: omni.kit.async_engine-0.0.3] startup
[0.239s] [ext: omni.metrics.core-0.0.3] startup
[0.239s] [ext: omni.client.lib-1.1.0] startup
[0.247s] [ext: omni.blobkey-1.1.2] startup
[0.247s] [ext: omni.stats-1.0.1] startup
[0.247s] [ext: omni.datastore-0.0.0] startup
[0.251s] [ext: omni.client-1.3.0] startup
[0.303s] [ext: omni.ujitso.default-1.0.0] startup
[0.304s] [ext: omni.hsscclient-1.1.2] startup
[0.306s] [ext: omni.gpu_foundation.shadercache.vulkan-1.0.0] startup
[0.308s] [ext: omni.assets.plugins-0.0.0] startup
[0.309s] [ext: omni.gpu_foundation-0.0.0] startup
[0.313s] [ext: carb.windowing.plugins-1.0.0] startup
2026-04-29T13:57:54Z [304ms] [Warning] [carb.windowing-glfw.plugin] GLFW initialization failed.
2026-04-29T13:57:54Z [304ms] [Warning] [carb] Failed to startup plugin carb.windowing-glfw.plugin (interfaces: [carb::windowing::IGLContext v1.0],[carb::windowing::IWindowing v1.5]) (impl: carb.windowing-glfw.plugin)
[0.313s] [ext: omni.kit.renderer.init-0.0.0] startup
2026-04-29T13:57:54Z [322ms] [Warning] [omni.platforminfo.plugin] failed to open the default display.  Can't verify X Server version.

|---------------------------------------------------------------------------------------------|
| Driver Version: 590.48.01     | Graphics API: Vulkan
|=============================================================================================|
| GPU | Name                             | Active | LDA | GPU Memory | Vendor-ID | LUID       |
|     |                                  |        |     |            | Device-ID | UUID       |
|     |                                  |        |     |            | Bus-ID    |            |
|---------------------------------------------------------------------------------------------|
| 0   | NVIDIA GeForce RTX 5090          | Yes: 0 |     | 32853   MB | 10de      | 0          |
|     |                                  |        |     |            | 2b85      | e62f0e78.. |
|     |                                  |        |     |            | 1         |            |
|=============================================================================================|
| OS: 24.04.3 LTS (Noble Numbat) ubuntu, Version: 24.04.3, Kernel: 6.17.0-19-generic
| Processor: AMD Ryzen 9 9950X 16-Core Processor
| Cores: 16 | Logical Cores: 32
|---------------------------------------------------------------------------------------------|
| Total Memory (MB): 128535 | Free Memory: 112601
| Total Page/Swap (MB): 8191 | Free Page/Swap: 7827
|---------------------------------------------------------------------------------------------|
2026-04-29T13:57:54Z [763ms] [Warning] [gpu.foundation.plugin] CPU performance profile is set to powersave. This profile sets the CPU to the lowest frequency reducing performance.
[0.862s] [ext: omni.kit.pipapi-0.0.0] startup
[0.863s] [ext: omni.kit.pip_archive-0.0.0] startup
[0.863s] [ext: omni.pip.compute-1.6.3] startup
[0.863s] [ext: omni.materialx.libs-1.0.7] startup
[0.869s] [ext: omni.pip.cloud-1.4.3] startup
[0.871s] [ext: omni.isaac.core_archive-3.0.0] startup
[0.871s] [ext: omni.usd.config-1.0.6] startup
[0.873s] [ext: omni.gpucompute.plugins-0.0.0] startup
[0.873s] [ext: omni.usd.libs-1.0.1] startup
[0.925s] [ext: omni.mdl-56.0.3] startup
[0.938s] [ext: omni.iray.libs-0.0.0] startup
[0.941s] [ext: omni.mdl.neuraylib-0.2.12] startup
[0.942s] [ext: omni.kit.usd.mdl-1.1.5] startup
[1.004s] [ext: omni.services.pip_archive-0.16.0] startup
[1.005s] [ext: omni.isaac.ml_archive-3.0.4] startup
[1.005s] [ext: omni.kit.telemetry-0.5.2] startup
[1.023s] [ext: omni.kit.loop-isaac-1.3.7] startup
[1.024s] [ext: omni.kit.test-2.0.1] startup
[1.052s] [ext: omni.appwindow-1.1.10] startup
2026-04-29T13:57:54Z [1,043ms] [Warning] [carb.windowing-glfw.plugin] GLFW initialization failed.
2026-04-29T13:57:54Z [1,043ms] [Warning] [carb] Failed to startup plugin carb.windowing-glfw.plugin (interfaces: [carb::windowing::IGLContext v1.0],[carb::windowing::IWindowing v1.5]) (impl: carb.windowing-glfw.plugin)
[1.055s] [ext: omni.kit.renderer.core-1.1.0] startup
2026-04-29T13:57:54Z [1,057ms] [Warning] [carb.windowing-glfw.plugin] GLFW initialization failed.
2026-04-29T13:57:54Z [1,057ms] [Warning] [carb] Failed to startup plugin carb.windowing-glfw.plugin (interfaces: [carb::windowing::IGLContext v1.0],[carb::windowing::IWindowing v1.5]) (impl: carb.windowing-glfw.plugin)
2026-04-29T13:57:54Z [1,062ms] [Warning] [carb.windowing-glfw.plugin] GLFW initialization failed.
2026-04-29T13:57:54Z [1,062ms] [Warning] [carb] Failed to startup plugin carb.windowing-glfw.plugin (interfaces: [carb::windowing::IGLContext v1.0],[carb::windowing::IWindowing v1.5]) (impl: carb.windowing-glfw.plugin)
[1.072s] [ext: omni.kit.renderer.capture-0.0.0] startup
[1.073s] [ext: omni.kit.renderer.imgui-2.0.5] startup
2026-04-29T13:57:54Z [1,066ms] [Warning] [carb.windowing-glfw.plugin] GLFW initialization failed.
2026-04-29T13:57:54Z [1,066ms] [Warning] [carb] Failed to startup plugin carb.windowing-glfw.plugin (interfaces: [carb::windowing::IGLContext v1.0],[carb::windowing::IWindowing v1.5]) (impl: carb.windowing-glfw.plugin)
2026-04-29T13:57:54Z [1,066ms] [Warning] [carb.windowing-glfw.plugin] GLFW initialization failed.
2026-04-29T13:57:54Z [1,066ms] [Warning] [carb] Failed to startup plugin carb.windowing-glfw.plugin (interfaces: [carb::windowing::IGLContext v1.0],[carb::windowing::IWindowing v1.5]) (impl: carb.windowing-glfw.plugin)
2026-04-29T13:57:54Z [1,067ms] [Warning] [carb.windowing-glfw.plugin] GLFW initialization failed.
2026-04-29T13:57:54Z [1,067ms] [Warning] [carb] Failed to startup plugin carb.windowing-glfw.plugin (interfaces: [carb::windowing::IGLContext v1.0],[carb::windowing::IWindowing v1.5]) (impl: carb.windowing-glfw.plugin)
[1.104s] [ext: omni.ui-2.27.1] startup
[1.110s] [ext: omni.kit.mainwindow-1.0.3] startup
[1.111s] [ext: carb.audio-0.1.0] startup
[1.113s] [ext: omni.uiaudio-1.0.0] startup
[1.114s] [ext: omni.kit.uiapp-0.0.0] startup
[1.114s] [ext: omni.usd.schema.metrics.assembler-107.3.1] startup
[1.115s] [ext: omni.anim.behavior.schema-107.3.0] startup
[1.120s] [ext: omni.usd.schema.omnigraph-1.0.0] startup
[1.123s] [ext: omni.usd.schema.geospatial-0.0.0] startup
[1.125s] [ext: omni.usd.schema.anim-0.0.0] startup
[1.134s] [ext: omni.usd.schema.audio-0.0.0] startup
[1.135s] [ext: isaacsim.robot.schema-3.6.0] startup
[1.140s] [ext: omni.usd_resolver-1.0.0] startup
[1.142s] [ext: omni.usd.core-1.5.3] startup
[1.143s] [ext: omni.usd.schema.omni_sensors-0.0.0] startup
[1.153s] [ext: omni.usd.schema.semantics-0.0.0] startup
[1.155s] [ext: omni.usd.schema.omni_lens_distortion-0.0.0] startup
[1.155s] [ext: omni.usd.schema.render_settings.rtx-0.0.0] startup
[1.156s] [ext: omni.graph.exec-0.9.6] startup
[1.156s] [ext: omni.kit.actions.core-1.0.0] startup
[1.157s] [ext: omni.kit.usd_undo-0.1.8] startup
[1.157s] [ext: omni.kit.exec.core-0.13.4] startup
[1.158s] [ext: omni.kit.commands-1.4.10] startup
[1.160s] [ext: omni.kit.window.popup_dialog-2.0.24] startup
[1.162s] [ext: omni.activity.core-1.0.3] startup
[1.163s] [ext: omni.resourcemonitor-107.0.1] startup
[1.164s] [ext: omni.timeline-1.0.14] startup
[1.165s] [ext: omni.kit.widget.nucleus_connector-2.0.1] startup
[1.166s] [ext: usdrt.scenegraph-7.6.1] startup
[1.188s] [ext: omni.kit.audiodeviceenum-1.0.2] startup
[1.189s] [ext: omni.hydra.usdrt_delegate-7.5.1] startup
[1.193s] [ext: omni.hydra.scene_delegate-0.3.4] startup
[1.195s] [ext: omni.usd-1.13.10] startup
[1.212s] [ext: omni.kit.asset_converter-5.0.17] startup
[1.219s] [ext: omni.usd.schema.physx-107.3.26] startup
[1.241s] [ext: omni.anim.navigation.schema-107.3.3] startup
[1.243s] [ext: omni.inspect-1.0.2] startup
[1.243s] [ext: omni.kit.notification_manager-1.0.10] startup
[1.245s] [ext: omni.graph.core-2.184.5] startup
[1.246s] [ext: isaacsim.core.deprecation_manager-0.2.7] startup
[1.247s] [ext: omni.usd.schema.omniscripting-1.0.0] startup
[1.250s] [ext: omni.usd.schema.flow-107.1.1] startup
[1.250s] [ext: omni.anim.graph.schema-107.3.3] startup
[1.254s] [ext: omni.usd.schema.isaac-3.0.5] startup
[1.254s] [ext: isaacsim.core.version-2.0.6] startup
[1.254s] [ext: omni.ui.scene-1.11.5] startup
[1.257s] [ext: isaacsim.storage.native-1.5.1] startup
[1.258s] [ext: omni.kit.widget.options_menu-1.1.6] startup
[1.260s] [ext: omni.kit.menu.core-1.1.2] startup
[1.260s] [ext: omni.graph.tools-1.79.2] startup
[1.274s] [ext: omni.kit.widget.filter-1.1.4] startup
[1.274s] [ext: omni.kit.menu.utils-2.0.5] startup
[1.278s] [ext: omni.graph-1.141.2] startup
[1.304s] [ext: omni.kit.hotkeys.core-1.3.10] startup
[1.305s] [ext: omni.anim.curve.core-1.3.1] startup
[1.313s] [ext: omni.kit.clipboard-1.0.5] startup
[1.315s] [ext: omni.usdphysics-107.3.26] startup
[1.317s] [ext: omni.physx.foundation-107.3.26] startup
[1.318s] [ext: omni.kit.widget.context_menu-1.2.5] startup
[1.319s] [ext: omni.kit.helper.file_utils-0.1.9] startup
[1.320s] [ext: omni.kit.widget.path_field-2.0.11] startup
[1.321s] [ext: omni.kvdb-107.3.26] startup
[1.322s] [ext: omni.kit.widget.options_button-1.0.3] startup
[1.323s] [ext: omni.kit.widget.filebrowser-2.12.3] startup
[1.325s] [ext: omni.kit.widget.browser_bar-2.0.10] startup
[1.326s] [ext: omni.localcache-107.3.26] startup
[1.327s] [ext: omni.convexdecomposition-107.3.26] startup
[1.329s] [ext: omni.kit.window.filepicker-2.13.4] startup
[1.337s] [ext: omni.physx.cooking-107.3.26] startup
[1.339s] [ext: omni.physics-107.3.26] startup
[1.341s] [ext: omni.kit.window.file_exporter-1.0.33] startup
[1.343s] [ext: omni.kit.stage_template.core-1.1.22] startup
[1.343s] [ext: omni.physx-107.3.26] startup
[1.349s] [ext: omni.kit.usd.layers-2.2.11] startup
[1.354s] [ext: omni.kit.window.file_importer-1.1.18] startup
[1.355s] [ext: omni.physics.physx-107.3.26] startup
2026-04-29T13:57:55Z [1,347ms] [Warning] [carb] Acquiring non optional plugin interface which is not listed as dependency: [omni::physx::IPhysxBenchmarks v1.0] (plugin: <default plugin>), by client: omni.physics.physx.plugin. Add it to CARB_PLUGIN_IMPL_DEPS() macro of a client.
[1.356s] [ext: omni.kit.numpy.common-0.1.3] startup
[1.358s] [ext: omni.kit.window.file-2.0.5] startup
[1.360s] [ext: omni.physics.stageupdate-107.3.26] startup
[1.361s] [ext: omni.kit.window.drop_support-1.0.5] startup
[1.362s] [ext: omni.kit.window.content_browser_registry-0.0.6] startup
[1.362s] [ext: omni.isaac.dynamic_control-2.0.7] startup
2026-04-29T13:57:55Z [1,356ms] [Warning] [omni.isaac.dynamic_control] omni.isaac.dynamic_control is deprecated as of Isaac Sim 4.5. No action is needed from end-users.
[1.365s] [ext: omni.kit.window.content_browser-3.1.3] startup
[1.373s] [ext: omni.graph.action_core-1.1.7] startup
[1.374s] [ext: omni.kit.usd.collect-2.4.5] startup
[1.376s] [ext: isaacsim.gui.content_browser-0.1.11] startup
[1.378s] [ext: omni.graph.action_nodes-1.50.4] startup
[1.380s] [ext: omni.kit.widget.prompt-1.0.7] startup
[1.381s] [ext: omni.graph.action-1.130.0] startup
[1.381s] [ext: omni.kit.tool.collect-2.2.18] startup
[1.385s] [ext: omni.index.libs-380600.8087.0] startup
[1.386s] [ext: omni.ujitso.client-0.0.0] startup
[1.386s] [ext: omni.index-1.0.1] startup
[1.387s] [ext: omni.volume-0.5.2] startup
[1.389s] [ext: omni.hydra.rtx.shadercache.vulkan-1.0.0] startup
[1.390s] [ext: omni.kit.context_menu-1.8.6] startup
[1.391s] [ext: omni.hydra.rtx-1.0.0] startup
2026-04-29T13:57:55Z [1,393ms] [Warning] [omni.log] Source: omni.hydra was already registered.
[1.413s] [ext: omni.kit.material.library-2.0.7] startup
[1.419s] [ext: omni.hydra.engine.stats-1.0.3] startup
[1.421s] [ext: omni.kit.widget.stage_icons-1.0.8] startup
[1.422s] [ext: omni.kit.viewport.scene_camera_model-1.0.6] startup
[1.425s] [ext: omni.kit.hydra_texture-1.4.6] startup
[1.427s] [ext: omni.kit.viewport.legacy_gizmos-1.0.19] startup
[1.428s] [ext: omni.kit.widget.searchfield-1.1.8] startup
[1.429s] [ext: omni.kit.widget.viewport-107.1.3] startup
[1.432s] [ext: omni.kit.viewport.registry-104.0.6] startup
[1.433s] [ext: omni.kit.raycast.query-1.1.0] startup
[1.436s] [ext: omni.kit.widget.stage-3.1.4] startup
[1.443s] [ext: omni.kit.widget.zoombar-1.0.6] startup
[1.444s] [ext: omni.kit.viewport.window-107.2.0] startup
[1.455s] [ext: omni.kit.window.stage-2.6.1] startup
[1.458s] [ext: omni.kit.browser.core-2.3.13] startup
[1.460s] [ext: omni.kit.menu.stage-1.2.7] startup
[1.461s] [ext: omni.kit.browser.folder.core-1.10.9] startup
[1.464s] [ext: omni.kit.property.adapter.core-1.0.2] startup
[1.466s] [ext: omni.kit.widget.highlight_label-1.0.3] startup
[1.467s] [ext: omni.kit.property.adapter.usd-1.0.2] startup
[1.467s] [ext: omni.ui_query-1.1.8] startup
[1.468s] [ext: omni.kit.window.property-1.12.1] startup
[1.470s] [ext: omni.kit.property.adapter.fabric-1.0.3] startup
[1.471s] [ext: omni.kit.ui_test-1.3.7] startup
[1.472s] [ext: omni.kit.property.usd-4.5.12] startup
[1.480s] [ext: omni.kit.viewport.utility-1.1.2] startup
[1.481s] [ext: omni.kit.manipulator.viewport-107.0.1] startup
[1.482s] [ext: omni.kit.usdz_export-1.0.9] startup
[1.483s] [ext: omni.kit.window.extensions-1.4.27] startup
[1.487s] [ext: omni.graph.visualization.nodes-2.1.3] startup
[1.491s] [ext: omni.kit.tool.asset_importer-4.3.2] startup
[1.496s] [ext: isaacsim.gui.components-1.2.1] startup
[1.501s] [ext: isaacsim.examples.browser-0.2.1] startup
[1.505s] [ext: isaacsim.asset.importer.urdf-2.4.30] startup
[1.544s] [ext: omni.kit.menu.create-2.0.1] startup
[1.546s] [ext: omni.physics.tensors-107.3.26] startup
[1.554s] [ext: omni.usd.metrics.assembler-107.3.1] startup
[1.556s] [ext: omni.kit.widget.graph-2.0.0] startup
[1.560s] [ext: omni.kit.widget.searchable_combobox-1.0.6] startup
[1.561s] [ext: omni.warp.core-1.8.2] startup
[1.685s] [ext: omni.usd.metrics.assembler.physics-107.3.26] startup
[1.686s] [ext: omni.kit.graph.delegate.default-1.2.3] startup
[1.688s] [ext: omni.kit.scripting-107.3.2] startup
[1.691s] [ext: omni.physx.tensors-107.3.26] startup
[1.694s] [ext: isaacsim.core.utils-3.5.1] startup
[1.696s] [ext: omni.anim.asset-107.3.0] startup
[1.698s] [ext: isaacsim.core.simulation_manager-1.4.4] startup
[1.851s] [ext: omni.graph.scriptnode-1.50.0] startup
[1.853s] [ext: omni.kit.graph.editor.core-1.5.3] startup
[1.856s] [ext: omni.kit.widget.settings-1.2.6] startup
[1.860s] [ext: omni.kit.primitive.mesh-1.0.17] startup
[1.865s] [ext: isaacsim.core.prims-0.6.1] startup
[1.883s] [ext: omni.kit.widget.material_preview-1.0.16] startup
[1.886s] [ext: omni.kit.graph.usd.commands-1.3.1] startup
[1.887s] [ext: omni.graph.image.core-0.6.1] startup
[1.888s] [ext: omni.kit.window.preferences-1.8.0] startup
[1.891s] [ext: omni.kit.stage_templates-2.0.0] startup
[1.893s] [ext: isaacsim.asset.browser-1.3.23] startup
[1.933s] [ext: omni.graph.image.nodes-1.3.1] startup
[1.934s] [ext: omni.kit.viewport.menubar.core-107.2.1] startup
[1.943s] [ext: isaacsim.core.api-4.8.0] startup
[1.948s] [ext: omni.kit.window.material_graph-1.9.1] startup
[1.955s] [ext: omni.kit.viewport.actions-107.0.2] startup
[1.958s] [ext: omni.graph.nodes-1.170.10] startup
[1.964s] [ext: omni.syntheticdata-0.6.13] startup
[1.980s] [ext: omni.isaac.assets_check-0.3.13] startup
2026-04-29T13:57:55Z [1,972ms] [Warning] [omni.isaac.assets_check] omni.isaac.assets_check has been deprecated in favor of isaacsim.asset.browser. Please update your code accordingly.
[1.981s] [ext: isaacsim.core.cloner-1.4.10] startup
[1.986s] [ext: omni.kit.viewport.menubar.display-107.0.3] startup
[1.989s] [ext: omni.graph.ui_nodes-1.50.5] startup
[1.994s] [ext: omni.videoencoding-0.1.2] startup
[1.996s] [ext: omni.isaac.cloner-1.0.7] startup
2026-04-29T13:57:55Z [1,987ms] [Warning] [omni.isaac.cloner] omni.isaac.cloner has been deprecated in favor of isaacsim.core.cloner. Please update your code accordingly.
[1.997s] [ext: isaacsim.gui.sensors.icon-2.0.3] startup
[2.018s] [ext: omni.warp-1.8.2] startup
[2.023s] [ext: omni.anim.retarget.core-107.3.3] startup
[2.029s] [ext: omni.debugdraw-0.1.4] startup
[2.035s] [ext: omni.replicator.core-1.12.27] startup
2026-04-29T13:57:55Z [2,040ms] [Warning] [pxr.Semantics] pxr.Semantics is deprecated - please use Semantics instead
2026-04-29T13:57:55Z [2,135ms] [Warning] [omni.graph.core.plugin] Found duplicate of category 'Replicator' - was 'Annotators', adding 'Fabric Reader'
2026-04-29T13:57:55Z [2,136ms] [Warning] [omni.graph.core.plugin] Category 'Replicator' not accepted on node type 'omni.replicator.core.FabricReader' in extension 'omni.replicator.core'
2026-04-29T13:57:55Z [2,136ms] [Warning] [omni.replicator.core.scripts.extension] No material configuration file, adding configuration to material settings directly.
[2.148s] [ext: omni.kit.quicklayout-1.0.8] startup
[2.151s] [ext: omni.anim.navigation.core-107.3.8] startup
[2.157s] [ext: omni.anim.graph.core-107.3.4] startup
[2.165s] [ext: omni.metropolis.utils-0.1.20] startup
2026-04-29T13:57:56Z [2,183ms] [Warning] [omni.graph.core._impl._registration.register_python_ogn] Python import process in omni.anim.graph.core failed - 'NoneType' object is not subscriptable. Aborting Python node registration
[2.199s] [ext: isaacsim.asset.importer.mjcf-2.5.13] startup
[2.208s] [ext: omni.anim.people-0.7.9] startup
[2.224s] [ext: isaacsim.test.docstring-1.1.0] startup
[2.232s] [ext: isaacsim.core.experimental.utils-0.3.0] startup
[2.261s] [ext: isaacsim.anim.robot-0.0.15] startup
[2.429s] [ext: isaacsim.core.experimental.prims-0.8.1] startup
[2.585s] [ext: isaacsim.core.nodes-3.4.3] startup
[2.591s] [ext: omni.flowusd-107.1.8] startup
2026-04-29T13:57:56Z [2,584ms] [Warning] [omni.stageupdate.plugin] Deprecated: direct use of IStageUpdate callbacks is deprecated. Use IStageUpdate::getStageUpdate instead.
[2.597s] [ext: omni.sensors.nv.common-3.0.0] startup
[2.606s] [ext: isaacsim.core.experimental.materials-0.4.0] startup
[2.619s] [ext: omni.isaac.core-4.0.7] startup
2026-04-29T13:57:56Z [2,613ms] [Warning] [omni.isaac.core.physics_context.physics_context] omni.isaac.core.physics_context.physics_context has been deprecated in favor of isaacsim.core.api.physics_context.physics_context. Please update your code accordingly.
2026-04-29T13:57:56Z [2,614ms] [Warning] [omni.isaac.core.simulation_context.simulation_context] omni.isaac.core.simulation_context.simulation_context has been deprecated in favor of isaacsim.core.api.simulation_context.simulation_context. Please update your code accordingly.
2026-04-29T13:57:56Z [2,615ms] [Warning] [omni.isaac.core.world.world] omni.isaac.core.world.world has been deprecated in favor of isaacsim.core.api.world.world. Please update your code accordingly.
2026-04-29T13:57:56Z [2,615ms] [Warning] [omni.isaac.core] omni.isaac.core has been deprecated in favor of isaacsim.core.api. Please update your code accordingly.
[2.624s] [ext: isaacsim.replicator.incident-0.1.28] startup
[2.651s] [ext: omni.sensors.net-1.0.0] startup
[2.654s] [ext: omni.sensors.nv.materials-2.0.0] startup
[2.657s] [ext: isaacsim.sensors.camera-1.3.6] startup
[2.662s] [ext: omni.sensors.nv.wpm-3.0.0] startup
[2.663s] [ext: isaacsim.util.debug_draw-3.1.0] startup
[2.669s] [ext: omni.sensors.nv.ids-2.0.0] startup
[2.674s] [ext: omni.sensors.nv.lidar-3.0.0] startup
[2.678s] [ext: omni.sensors.nv.radar-3.0.0] startup
[2.680s] [ext: isaacsim.sensors.physics-0.4.3] startup
[2.684s] [ext: isaacsim.robot_motion.lula-4.0.8] startup
[2.690s] [ext: isaacsim.robot.surface_gripper-3.3.1] startup
[2.693s] [ext: isaacsim.sensors.rtx-15.8.4] startup
[2.711s] [ext: omni.kit.mesh.raycast-107.0.1] startup
[2.714s] [ext: isaacsim.robot_motion.motion_generation-8.0.26] startup
[2.718s] [ext: isaacsim.robot.manipulators-3.3.6] startup
[2.722s] [ext: isaacsim.core.experimental.objects-0.4.0] startup
[2.728s] [ext: omni.isaac.core_nodes-2.0.6] startup
2026-04-29T13:57:56Z [2,721ms] [Warning] [omni.isaac.core_nodes] omni.isaac.core_nodes has been deprecated in favor of isaacsim.core.nodes. Please update your code accordingly.
[2.731s] [ext: isaacsim.replicator.agent.core-0.7.28] startup
[2.739s] [ext: isaacsim.robot.manipulators.examples-1.1.2] startup
[2.742s] [ext: isaacsim.simulation_app-2.12.2] startup
[2.743s] [ext: omni.kit.selection-0.1.6] startup
[2.744s] [ext: omni.isaac.franka-1.0.7] startup
2026-04-29T13:57:56Z [2,736ms] [Warning] [omni.isaac.franka] omni.isaac.franka has been deprecated in favor of isaacsim.robot.manipulators.examples.franka. Please update your code accordingly.
2026-04-29T13:57:56Z [2,736ms] [Warning] [omni.isaac.franka.franka] omni.isaac.franka has been deprecated in favor of isaacsim.robot.manipulators.examples.franka. Please update your code accordingly.
2026-04-29T13:57:56Z [2,749ms] [Warning] [omni.isaac.franka.kinematics_solver] omni.isaac.franka has been deprecated in favor of isaacsim.robot.manipulators.examples.franka. Please update your code accordingly.
[2.758s] [ext: isaacsim.robot_motion.lula_test_widget-1.0.12] startup
[2.761s] [ext: omni.isaac.kit-2.0.6] startup
2026-04-29T13:57:56Z [2,753ms] [Warning] [omni.isaac.kit] omni.isaac.kit has been deprecated in favor of isaacsim.simulation_app. Please update your code accordingly.
[2.762s] [ext: isaacsim.gui.menu-2.4.4] startup
[2.766s] [ext: omni.isaac.asset_browser-1.0.6] startup
2026-04-29T13:57:56Z [2,758ms] [Warning] [omni.isaac.asset_browser] omni.isaac.asset_browser has been deprecated in favor of isaacsim.asset.browser. Please update your code accordingly.
[2.767s] [ext: omni.isaac.lula_test_widget-1.0.6] startup
2026-04-29T13:57:56Z [2,760ms] [Warning] [omni.isaac.lula_test_widget] omni.isaac.lula_test_widget has been deprecated in favor of isaacsim.robot_motion.lula_test_widget. Please update your code accordingly.
[2.769s] [ext: omni.isaac.manipulators-3.0.7] startup
2026-04-29T13:57:56Z [2,762ms] [Warning] [omni.isaac.manipulators] omni.isaac.manipulators has been deprecated in favor of isaacsim.robot.manipulators. Please update your code accordingly.
2026-04-29T13:57:56Z [2,762ms] [Warning] [omni.isaac.manipulators.controllers] omni.isaac.manipulators has been deprecated in favor of isaacsim.robot.manipulators. Please update your code accordingly.
2026-04-29T13:57:56Z [2,762ms] [Warning] [omni.isaac.manipulators.controllers.pick_place_controller] omni.isaac.manipulators has been deprecated in favor of isaacsim.robot.manipulators. Please update your code accordingly.
2026-04-29T13:57:56Z [2,763ms] [Warning] [omni.isaac.manipulators.controllers.stacking_controller] omni.isaac.manipulators has been deprecated in favor of isaacsim.robot.manipulators. Please update your code accordingly.
2026-04-29T13:57:56Z [2,763ms] [Warning] [omni.isaac.manipulators.grippers] omni.isaac.manipulators has been deprecated in favor of isaacsim.robot.manipulators. Please update your code accordingly.
2026-04-29T13:57:56Z [2,763ms] [Warning] [omni.isaac.manipulators.grippers.gripper] omni.isaac.manipulators has been deprecated in favor of isaacsim.robot.manipulators. Please update your code accordingly.
2026-04-29T13:57:56Z [2,763ms] [Warning] [omni.isaac.manipulators.grippers.parallel_gripper] omni.isaac.manipulators has been deprecated in favor of isaacsim.robot.manipulators. Please update your code accordingly.
2026-04-29T13:57:56Z [2,763ms] [Warning] [omni.isaac.manipulators.grippers.surface_gripper] omni.isaac.manipulators has been deprecated in favor of isaacsim.robot.manipulators. Please update your code accordingly.
2026-04-29T13:57:56Z [2,763ms] [Warning] [omni.isaac.manipulators.manipulators] omni.isaac.manipulators has been deprecated in favor of isaacsim.robot.manipulators. Please update your code accordingly.
2026-04-29T13:57:56Z [2,763ms] [Warning] [omni.isaac.manipulators.manipulators.single_manipulator] omni.isaac.manipulators has been deprecated in favor of isaacsim.robot.manipulators. Please update your code accordingly.
[2.772s] [ext: omni.isaac.menu-1.0.6] startup
2026-04-29T13:57:56Z [2,765ms] [Warning] [omni.isaac.menu] omni.isaac.menu has been deprecated in favor of isaacsim.gui.menu. Please update your code accordingly.
[2.774s] [ext: isaacsim.robot.policy.examples-4.1.11] startup
[2.777s] [ext: isaacsim.sensors.physx-2.3.2] startup
[2.781s] [ext: omni.isaac.motion_generation-8.0.7] startup
2026-04-29T13:57:56Z [2,773ms] [Warning] [omni.isaac.motion_generation] omni.isaac.motion_generation has been deprecated in favor of isaacsim.robot_motion.motion_generation. Please update your code accordingly.
2026-04-29T13:57:56Z [2,773ms] [Warning] [omni.isaac.motion_generation.articulation_kinematics_solver] omni.isaac.motion_generation has been deprecated in favor of isaacsim.robot_motion.motion_generation. Please update your code accordingly.
2026-04-29T13:57:56Z [2,774ms] [Warning] [omni.isaac.motion_generation.articulation_motion_policy] omni.isaac.motion_generation has been deprecated in favor of isaacsim.robot_motion.motion_generation. Please update your code accordingly.
2026-04-29T13:57:56Z [2,774ms] [Warning] [omni.isaac.motion_generation.articulation_trajectory] omni.isaac.motion_generation has been deprecated in favor of isaacsim.robot_motion.motion_generation. Please update your code accordingly.
2026-04-29T13:57:56Z [2,774ms] [Warning] [omni.isaac.motion_generation.kinematics_interface] omni.isaac.motion_generation has been deprecated in favor of isaacsim.robot_motion.motion_generation. Please update your code accordingly.
2026-04-29T13:57:56Z [2,774ms] [Warning] [omni.isaac.motion_generation.lula] omni.isaac.motion_generation has been deprecated in favor of isaacsim.robot_motion.motion_generation. Please update your code accordingly.
2026-04-29T13:57:56Z [2,774ms] [Warning] [omni.isaac.motion_generation.lula.kinematics] omni.isaac.motion_generation has been deprecated in favor of isaacsim.robot_motion.motion_generation. Please update your code accordingly.
2026-04-29T13:57:56Z [2,775ms] [Warning] [omni.isaac.motion_generation.lula.motion_policies] omni.isaac.motion_generation has been deprecated in favor of isaacsim.robot_motion.motion_generation. Please update your code accordingly.
2026-04-29T13:57:56Z [2,775ms] [Warning] [omni.isaac.motion_generation.lula.path_planners] omni.isaac.motion_generation has been deprecated in favor of isaacsim.robot_motion.motion_generation. Please update your code accordingly.
2026-04-29T13:57:56Z [2,775ms] [Warning] [omni.isaac.motion_generation.lula.trajectory_generator] omni.isaac.motion_generation has been deprecated in favor of isaacsim.robot_motion.motion_generation. Please update your code accordingly.
2026-04-29T13:57:56Z [2,775ms] [Warning] [omni.isaac.motion_generation.motion_policy_controller] omni.isaac.motion_generation has been deprecated in favor of isaacsim.robot_motion.motion_generation. Please update your code accordingly.
2026-04-29T13:57:56Z [2,775ms] [Warning] [omni.isaac.motion_generation.motion_policy_interface] omni.isaac.motion_generation has been deprecated in favor of isaacsim.robot_motion.motion_generation. Please update your code accordingly.
2026-04-29T13:57:56Z [2,775ms] [Warning] [omni.isaac.motion_generation.path_planner_visualizer] omni.isaac.motion_generation has been deprecated in favor of isaacsim.robot_motion.motion_generation. Please update your code accordingly.
2026-04-29T13:57:56Z [2,775ms] [Warning] [omni.isaac.motion_generation.path_planning_interface] omni.isaac.motion_generation has been deprecated in favor of isaacsim.robot_motion.motion_generation. Please update your code accordingly.
2026-04-29T13:57:56Z [2,776ms] [Warning] [omni.isaac.motion_generation.trajectory] omni.isaac.motion_generation has been deprecated in favor of isaacsim.robot_motion.motion_generation. Please update your code accordingly.
2026-04-29T13:57:56Z [2,776ms] [Warning] [omni.isaac.motion_generation.world_interface] omni.isaac.motion_generation has been deprecated in favor of isaacsim.robot_motion.motion_generation. Please update your code accordingly.
[2.785s] [ext: omni.isaac.nucleus-1.0.6] startup
2026-04-29T13:57:56Z [2,777ms] [Warning] [omni.isaac.nucleus] omni.isaac.nucleus has been deprecated in favor of isaacsim.storage.native. Please update your code accordingly.
2026-04-29T13:57:56Z [2,777ms] [Warning] [omni.isaac.nucleus.nucleus] omni.isaac.nucleus.nucleus has been deprecated in favor of isaacsim.storage.native. Please update your code accordingly.
[2.787s] [ext: omni.isaac.quadruped-3.0.7] startup
2026-04-29T13:57:56Z [2,779ms] [Warning] [omni.isaac.quadruped] omni.isaac.quadruped has been deprecated in favor of isaacsim.robot.policy.examples. Please update your code accordingly.
[2.788s] [ext: omni.isaac.range_sensor-4.0.6] startup
2026-04-29T13:57:56Z [2,780ms] [Warning] [omni.isaac.range_sensor] omni.isaac.range_sensor has been deprecated in favor of isaacsim.sensors.physx. Please update your code accordingly.
2026-04-29T13:57:56Z [2,781ms] [Warning] [omni.isaac.range_sensor.commands] omni.isaac.range_sensor.commands has been deprecated in favor of isaacsim.sensors.physx.commands. Please update your code accordingly.
[2.791s] [ext: omni.isaac.sensor-13.0.7] startup
2026-04-29T13:57:56Z [2,784ms] [Warning] [omni.isaac.sensor] omni.isaac.sensor has been deprecated in favor of isaacsim.sensors.camera, isaacsim.sensors.physics, isaacsim.sensors.physx, and isaacsim.sensors.rtx. Please update your code accordingly.
2026-04-29T13:57:56Z [2,784ms] [Warning] [omni.isaac.sensor.camera] omni.isaac.sensor.camera has been deprecated in favor of isaacsim.sensors.camera.camera. Please update your code accordingly.
2026-04-29T13:57:56Z [2,784ms] [Warning] [omni.isaac.sensor.camera_view] omni.isaac.sensor.camera_view has been deprecated in favor of isaacsim.sensors.camera.camera_view. Please update your code accordingly.
2026-04-29T13:57:56Z [2,784ms] [Warning] [omni.isaac.sensor.commands] omni.isaac.sensor.commands has been deprecated in favor of isaacsim.sensors.physics.commands, isaacsim.sensors.physx.commands, and isaacsim.sensors.rtx.commands. Please update your code accordingly.
2026-04-29T13:57:56Z [2,784ms] [Warning] [omni.isaac.sensor.contact_sensor] omni.isaac.sensor.contact_sensor has been deprecated in favor of isaacsim.sensors.physics.contact_sensor. Please update your code accordingly.
2026-04-29T13:57:56Z [2,784ms] [Warning] [omni.isaac.sensor.imu_sensor] omni.isaac.sensor.imu_sensor has been deprecated in favor of isaacsim.sensors.physics.imu_sensor. Please update your code accordingly.
2026-04-29T13:57:56Z [2,784ms] [Warning] [omni.isaac.sensor.lidar_rtx] omni.isaac.sensor.lidar_rtx has been deprecated in favor of isaacsim.sensors.rtx.lidar_rtx. Please update your code accordingly.
2026-04-29T13:57:56Z [2,784ms] [Warning] [omni.isaac.sensor.rotating_lidar_physX] omni.isaac.sensor.imu_sensor has been deprecated in favor of isaacsim.sensors.physix.rotating_lidar_physX. Please update your code accordingly.
2026-04-29T13:57:56Z [2,784ms] [Warning] [omni.isaac.sensor.scripts.samples.contact_sensor] omni.isaac.sensor.scripts.samples.contact_sensor has been deprecated in favor of isaacsim.sensors.physics.scripts.samples.contact_sensor. Please update your code accordingly.
2026-04-29T13:57:56Z [2,784ms] [Warning] [omni.isaac.sensor.scripts.samples.imu_sensor] omni.isaac.sensor.scripts.samples.imu_sensor has been deprecated in favor of isaacsim.sensors.physics.scripts.samples.imu_sensor. Please update your code accordingly.
2026-04-29T13:57:56Z [2,784ms] [Warning] [omni.isaac.sensor.scripts.samples.lightbeam_sensor] omni.isaac.sensor.scripts.samples.lightbeam_sensor has been deprecated in favor of isaacsim.sensors.physx.scripts.samples.lightbeam_sensor. Please update your code accordingly.
[2.794s] [ext: omni.isaac.surface_gripper-2.0.6] startup
2026-04-29T13:57:56Z [2,786ms] [Warning] [omni.isaac.surface_gripper] omni.isaac.surface_gripper has been deprecated in favor of isaacsim.robot.surface_gripper. Please update your code accordingly.
[2.795s] [ext: omni.kit.widget.toolbar-2.0.1] startup
[2.806s] [ext: omni.kit.manipulator.transform-107.0.0] startup
[2.809s] [ext: omni.kit.manipulator.selector-1.1.3] startup
[2.810s] [ext: isaacsim.app.about-2.0.11] startup
[2.814s] [ext: isaacsim.cortex.framework-1.0.12] startup
[2.815s] [ext: omni.kit.manipulator.tool.snap-1.5.13] startup
[2.819s] [ext: omni.isaac.universal_robots-1.0.6] startup
2026-04-29T13:57:56Z [2,810ms] [Warning] [omni.isaac.universal_robots] omni.isaac.universal_robots has been deprecated in favor of isaacsim.robot.manipulators.examples.universal_robots. Please update your code accordingly.
2026-04-29T13:57:56Z [2,810ms] [Warning] [omni.isaac.universal_robots.kinematics_solver] omni.isaac.franka has been deprecated in favor of isaacsim.robot.manipulators.examples.universal_robots. Please update your code accordingly.
2026-04-29T13:57:56Z [2,811ms] [Warning] [omni.isaac.universal_robots.ur10] omni.isaac.franka has been deprecated in favor of isaacsim.robot.manipulators.examples.universal_robots. Please update your code accordingly.
[2.820s] [ext: omni.isaac.utils-2.0.6] startup
[2.822s] [ext: omni.isaac.cortex-1.0.5] startup
2026-04-29T13:57:56Z [2,814ms] [Warning] [omni.isaac.cortex] omni.isaac.cortex has been deprecated in favor of isaacsim.cortex.framework. Please update your code accordingly.
[2.823s] [ext: omni.kit.viewport.manipulator.transform-107.0.4] startup
[2.826s] [ext: omni.isaac.window.about-2.0.7] startup
2026-04-29T13:57:56Z [2,818ms] [Warning] [omni.isaac.window.about] omni.isaac.window.about has been deprecated in favor of isaacsim.app.about. Please update your code accordingly.
2026-04-29T13:57:56Z [2,818ms] [Warning] [omni.isaac.window.about.about] omni.isaac.window.about.about has been deprecated in favor of isaacsim.app.about.about. Please update your code accordingly.
[2.827s] [ext: omni.kit.manipulator.camera-106.0.4] startup
[2.829s] [ext: omni.kit.property.audio-1.0.16] startup
[2.831s] [ext: omni.fabric.commands-1.1.6] startup
[2.833s] [ext: omni.kit.manipulator.prim.core-107.0.8] startup
[2.837s] [ext: omni.kit.property.camera-1.0.10] startup
[2.838s] [ext: omni.kit.property.geometry-2.0.4] startup
[2.841s] [ext: omni.kit.property.light-1.0.12] startup
[2.847s] [ext: omni.hydra.scene_api-0.1.2] startup
[2.850s] [ext: omni.kit.manipulator.prim.fabric-107.0.4] startup
[2.852s] [ext: omni.kit.manipulator.prim.usd-107.0.3] startup
[2.853s] [ext: omni.kit.property.material-1.11.9] startup
[2.857s] [ext: omni.kit.property.render-1.2.1] startup
[2.858s] [ext: omni.kit.property.transform-1.5.13] startup
[2.861s] [ext: isaacsim.gui.property-1.1.3] startup
[2.862s] [ext: omni.kit.manipulator.prim-107.0.0] startup
[2.863s] [ext: omni.kit.manipulator.selection-106.0.1] startup
[2.863s] [ext: omni.isaac.lula-4.0.6] startup
2026-04-29T13:57:56Z [2,855ms] [Warning] [omni.isaac.lula] omni.isaac.lula has been deprecated in favor of isaacsim.robot_motion.lula. Please update your code accordingly.
[2.864s] [ext: omni.kit.property.bundle-1.4.1] startup
[2.865s] [ext: omni.kit.property.isaac-1.0.6] startup
2026-04-29T13:57:56Z [2,857ms] [Warning] [omni.kit.property.isaac] omni.kit.property.isaac has been deprecated in favor of isaacsim.gui.property. Please update your code accordingly.
2026-04-29T13:57:56Z [2,857ms] [Warning] [omni.kit.property.isaac.widgets] omni.kit.property.isaac.widgets has been deprecated in favor of isaacsim.gui.property.widgets. Please update your code accordingly.
[2.866s] [ext: isaacsim.replicator.writers-1.0.17] startup
[2.875s] [ext: omni.kit.viewport.menubar.camera-107.0.6] startup
[2.884s] [ext: omni.kit.viewport.menubar.lighting-107.3.1] startup
[2.888s] [ext: omni.kit.viewport.menubar.render-107.0.10] startup
[2.891s] [ext: omni.kit.viewport.menubar.settings-107.0.3] startup
[2.893s] [ext: isaacsim.replicator.domain_randomization-1.0.16] startup
[2.895s] [ext: isaacsim.replicator.examples-1.3.6] startup
[2.897s] [ext: omni.ocio-0.1.1] startup
[2.899s] [ext: omni.rtx.window.settings-0.6.19] startup
[2.907s] [ext: omni.kit.window.console-1.1.4] startup
[2.915s] [ext: omni.kit.window.status_bar-0.1.9] startup
[2.919s] [ext: omni.kit.window.toolbar-2.0.0] startup
[2.922s] [ext: omni.replicator.isaac-2.0.8] startup
2026-04-29T13:57:56Z [2,913ms] [Warning] [omni.replicator.isaac] omni.replicator.isaac has been deprecated in favor of isaacsim.replicator.domain_randomization, isaacsim.replicator.examples, isaacsim.replicator.writers. Please update your code accordingly.
[2.922s] [ext: omni.replicator.replicator_yaml-2.0.11] startup
[2.927s] [ext: omni.rtx.settings.core-0.6.5] startup
[2.931s] [ext: omni.usd.metrics.assembler.ui-107.3.1] startup
[2.940s] [ext: isaacsim.robot.wheeled_robots-4.0.24] startup
[2.943s] [ext: isaacsim.cortex.behaviors-2.0.14] startup
[2.945s] [ext: omni.isaac.version-2.0.7] startup
2026-04-29T13:57:56Z [2,937ms] [Warning] [omni.isaac.version] omni.isaac.version has been deprecated in favor of isaacsim.core.version. Please update your code accordingly.
[2.947s] [ext: semantics.schema.editor-2.0.2] startup
[2.953s] [ext: omni.kit.ui.actions-1.0.5] startup
[2.955s] [ext: semantics.schema.property-2.0.1] startup
[2.958s] [ext: omni.isaac.wheeled_robots-3.0.7] startup
2026-04-29T13:57:56Z [2,950ms] [Warning] [omni.isaac.wheeled_robots] omni.isaac.wheeled_robots has been deprecated in favor of isaacsim.robot.wheeled_robots. Please update your code accordingly.
2026-04-29T13:57:56Z [2,951ms] [Warning] [omni.isaac.wheeled_robots.controllers] omni.isaac.wheeled_robots has been deprecated in favor of isaacsim.robot.wheeled_robots. Please update your code accordingly.
2026-04-29T13:57:56Z [2,951ms] [Warning] [omni.isaac.wheeled_robots.controllers.ackermann_controller] omni.isaac.wheeled_robots has been deprecated in favor of isaacsim.robot.wheeled_robots. Please update your code accordingly.
2026-04-29T13:57:56Z [2,952ms] [Warning] [omni.isaac.wheeled_robots.controllers.differential_controller] omni.isaac.wheeled_robots has been deprecated in favor of isaacsim.robot.wheeled_robots. Please update your code accordingly.
2026-04-29T13:57:56Z [2,952ms] [Warning] [omni.isaac.wheeled_robots.controllers.holonomic_controller] omni.isaac.wheeled_robots has been deprecated in favor of isaacsim.robot.wheeled_robots. Please update your code accordingly.
2026-04-29T13:57:56Z [2,952ms] [Warning] [omni.isaac.wheeled_robots.controllers.quintic_path_planner] omni.isaac.wheeled_robots has been deprecated in favor of isaacsim.robot.wheeled_robots. Please update your code accordingly.
2026-04-29T13:57:56Z [2,953ms] [Warning] [omni.isaac.wheeled_robots.controllers.stanley_control] omni.isaac.wheeled_robots has been deprecated in favor of isaacsim.robot.wheeled_robots. Please update your code accordingly.
2026-04-29T13:57:56Z [2,953ms] [Warning] [omni.isaac.wheeled_robots.controllers.wheel_base_pose_controller] omni.isaac.wheeled_robots has been deprecated in favor of isaacsim.robot.wheeled_robots. Please update your code accordingly.
2026-04-29T13:57:56Z [2,953ms] [Warning] [omni.isaac.wheeled_robots.impl] omni.isaac.wheeled_robots has been deprecated in favor of isaacsim.robot.wheeled_robots. Please update your code accordingly.
2026-04-29T13:57:56Z [2,953ms] [Warning] [omni.isaac.wheeled_robots.robots] omni.isaac.wheeled_robots has been deprecated in favor of isaacsim.robot.wheeled_robots. Please update your code accordingly.
2026-04-29T13:57:56Z [2,953ms] [Warning] [omni.isaac.wheeled_robots.robots.holonomic_robot_usd_setup] omni.isaac.wheeled_robots has been deprecated in favor of isaacsim.robot.wheeled_robots. Please update your code accordingly.
2026-04-29T13:57:56Z [2,954ms] [Warning] [omni.isaac.wheeled_robots.robots.wheeled_robot] omni.isaac.wheeled_robots has been deprecated in favor of isaacsim.robot.wheeled_robots. Please update your code accordingly.
[2.963s] [ext: omni.isaac.cortex.sample_behaviors-2.0.5] startup
2026-04-29T13:57:56Z [2,956ms] [Warning] [omni.isaac.cortex.sample_behaviors] omni.isaac.cortex.sample_behaviors has been deprecated in favor of isaacsim.cortex.behaviors. Please update your code accordingly.
[2.965s] [ext: isaacsim.replicator.behavior-1.1.16] startup
[2.968s] [ext: isaacsim.core.throttling-2.2.2] startup
[2.971s] [ext: omni.kit.menu.common-2.0.1] startup
[2.974s] [ext: isaacsim.exp.base-5.1.0] startup
[2.975s] [ext: isaacsim.exp.base.python-5.1.0] startup
[2.976s] Simulation App Starting
2026-04-29T13:57:56Z [3,025ms] [Warning] [omni.kvdb.plugin] Disabling key-value database because another kit process is locking it
2026-04-29T13:57:56Z [3,047ms] [Warning] [omni.fabric.plugin] Warning: attribute viewportHandle not found for bucket id 9

[3.089s] app ready
[4.725s] Simulation App Startup Complete
2026-04-29T13:57:59Z [5,721ms] [Warning] [pegasus.simulator.logic.backends.ardupilot_mavlink_backend] [ArduPilotMavlinkBackendConfig] Initialized with vehicle_id=0, connection_type=udpin, connection_ip=127.0.0.1, connection_baseport=14550, ardupilot_autolaunch=True, ardupilot_dir=/home/rodrigogomes/ardupilot, ardupilot_vehicle_model=gazebo-iris, enable_lockstep=False, num_rotors=4, input_offset=[0.0, 0.0, 0.0, 0.0], input_scaling=[1000, 1000, 1000, 1000], zero_position_armed=[100, 100, 100, 100], update_rate=400
[5.738s] [ext: isaacsim.ros2.bridge-4.12.4] startup
[5.768s] Attempting to load system rclpy
[5.768s] Could not import system rclpy: No module named 'rclpy'
[5.768s] Attempting to load internal rclpy for ROS Distro: jazzy
[5.779s] rclpy loaded
2026-04-29T13:57:59Z [5,989ms] [Warning] [omni.isaac.core.prims.base_sensor] omni.isaac.core.prims.base_sensor has been deprecated in favor of isaacsim.core.api.sensors.base_sensor. Please update your code accordingly.
2026-04-29T13:57:59Z [5,990ms] [Warning] [omni.isaac.core.prims.geometry_prim] omni.isaac.core.prims.geometry_prim.GeometryPrim has been deprecated in favor of isaacsim.core.prims.SingleGeometryPrim. Please update your code accordingly.
2026-04-29T13:57:59Z [5,990ms] [Warning] [omni.isaac.core.prims.geometry_prim_view] omni.isaac.core.prims.geometry_prim_view.GeometryPrimView has been deprecated in favor of isaacsim.core.prims.GeometryPrim Please update your code accordingly.
2026-04-29T13:57:59Z [5,990ms] [Warning] [omni.isaac.core.prims.rigid_contact_view] omni.isaac.core.prims.rigid_contact_view has been deprecated in favor of isaacsim.core.api.sensors.rigid_contact_view. Please update your code accordingly.
2026-04-29T13:57:59Z [5,990ms] [Warning] [omni.isaac.core.prims.rigid_prim] omni.isaac.core.prims.rigid_prim.RigidPrim has been deprecated in favor of isaacsim.core.prims.SingleRigidPrim. Please update your code accordingly.
2026-04-29T13:57:59Z [5,990ms] [Warning] [omni.isaac.core.prims.rigid_prim_view] omni.isaac.core.prims.rigid_prim_view.RigidPrimView has been deprecated in favor of isaacsim.core.prims.RigidPrim. Please update your code accordingly.
2026-04-29T13:57:59Z [5,990ms] [Warning] [omni.isaac.core.prims.soft.cloth_prim] omni.isaac.core.prims.soft.cloth_prim.ClothPrim has been deprecated in favor of isaacsim.core.prims.SingleClothPrim. Please update your code accordingly.
2026-04-29T13:57:59Z [5,990ms] [Warning] [omni.isaac.core.prims.soft.particle_system] omni.isaac.core.prims.soft.particle_system.ParticleSystem has been deprecated in favor of isaacsim.core.prims.SingleParticleSystem. Please update your code accordingly.
2026-04-29T13:57:59Z [5,990ms] [Warning] [omni.isaac.core.prims.soft.particle_system_view] omni.isaac.core.prims.soft.particle_system_view.ParticleSystemView has been deprecated in favor of isaacsim.core.prims.ParticleSystem. Please update your code accordingly.
2026-04-29T13:57:59Z [5,990ms] [Warning] [omni.isaac.core.prims.xform_prim] omni.isaac.core.prims.xform_prim.XFormPrim has been deprecated in favor of isaacsim.core.prims.SingleXFormPrim. Please update your code accordingly.
2026-04-29T13:57:59Z [5,990ms] [Warning] [omni.isaac.core.prims.xform_prim_view] omni.isaac.core.prims.xform_prim_view.XFormPrimView has been deprecated in favor of isaacsim.core.prims.XFormPrim. Please update your code accordingly.
2026-04-29T13:57:59Z [5,993ms] [Warning] [omni.isaac.core.utils.torch.maths] omni.isaac.core.utils.torch.maths has been deprecated in favor of isaacsim.core.utils.torch.maths. Please update your code accordingly.
2026-04-29T13:57:59Z [5,993ms] [Warning] [omni.isaac.core.utils.torch.rotations] omni.isaac.core.utils.torch.rotations has been deprecated in favor of isaacsim.core.utils.torch.rotations. Please update your code accordingly.
2026-04-29T13:57:59Z [5,993ms] [Warning] [omni.isaac.core.utils.torch.tensor] omni.isaac.core.utils.torch.tensor has been deprecated in favor of isaacsim.core.utils.torch.tensor. Please update your code accordingly.
2026-04-29T13:57:59Z [5,993ms] [Warning] [omni.isaac.core.utils.torch.transformations] omni.isaac.core.utils.torch.transformations has been deprecated in favor of isaacsim.core.utils.torch.transformations. Please update your code accordingly.
Starting kit application with the following args:  ['/home/rodrigogomes/isaacsim_5.1.0/exts/isaacsim.simulation_app/isaacsim/simulation_app/simulation_app.py', '/home/rodrigogomes/isaacsim_5.1.0/apps/isaacsim.exp.base.python.kit', '--/app/tokens/exe-path=/home/rodrigogomes/isaacsim_5.1.0/kit', '--/persistent/app/viewport/displayOptions=3094', '--/rtx/materialDb/syncLoads=True', '--/rtx/hydra/materialSyncLoads=True', '--/omni.kit.plugin/syncUsdLoads=True', '--/app/renderer/resolution/width=1280', '--/app/renderer/resolution/height=720', '--/app/window/width=1440', '--/app/window/height=900', '--/renderer/multiGpu/enabled=True', '--/app/fastShutdown=True', '--/app/installSignalHandlers=0', '--ext-folder', '/home/rodrigogomes/isaacsim_5.1.0/exts', '--ext-folder', '/home/rodrigogomes/isaacsim_5.1.0/apps', '--/physics/cudaDevice=0', '--/plugins/carb.tasking.plugin/threadCount=32', '--/plugins/omni.tbb.globalcontrol/maxThreadCount=32', '--portable', '--no-window', '--/app/window/hideUi=1']
Passing the following args to the base kit application:  ['--task', 'quadcopter3_2', '--algo', 'ppo', '--preset', 'isaac_lab', '--checkpoint', '/home/rodrigogomes/dev_skrl/examples/rl/logs/q3_logs/q3_2_exp/checkpoints/best_agent.pt', '--n_envs', '4', '--record', '--record_dir', '/home/rodrigogomes/dev_skrl/examples/rl/play_records_web/quadcopter3_2_20260429_145753', '--record_every', '1', '--num_episodes_per_env', '3', '--compare_lqr', '--headless']
Warp 1.8.2 initialized:
   CUDA Toolkit 12.8, Driver 13.1
   Devices:
     "cpu"      : "x86_64"
     "cuda:0"   : "NVIDIA GeForce RTX 5090" (31 GiB, sm_120, mempool enabled)
   Kernel cache:
     /home/rodrigogomes/.cache/warp/1.8.2
Warp DeprecationWarning: The `warp.sim` module is deprecated and will be removed in v1.10. Please transition to using the forthcoming Newton library instead.
[isaacsim.replicator.incident] started
Spawned 4 vehicles with 5 parts each (total 20 prims)
Spawned 4 vehicles with 5 parts each (total 20 prims)
RL has _root_prims: True
LQR has _root_prims: True

Loading checkpoint: /home/rodrigogomes/dev_skrl/examples/rl/logs/q3_logs/q3_2_exp/checkpoints/best_agent.pt
Loaded. Running inference...

2026-04-29T13:57:59Z [6,086ms] [Warning] [isaacsim.core.simulation_manager.impl.simulation_manager] Disabling CCD for GPU dynamics as its not supported
[6.100s] [ext: omni.physx.fabric-107.3.26] startup
2026-04-29T13:58:01Z [7,553ms] [Warning] [pegasus.simulator.logic.interface.pegasus_interface] Loading a new environment into the simulator. Please wait...
2026-04-29T13:58:01Z [7,974ms] [Warning] [isaacsim.core.simulation_manager.impl.simulation_manager] changing backend from numpy to torch since numpy backend cannot be used with GPU piplines
Finished 3 episodes per env. Exiting.
2026-04-29T13:58:53Z [59,551ms] [Warning] [omni.usd] Unexpected reference count of 2 for UsdStage 'anon:0x71ff9c1aa4b0:World0.usd' while being closed in UsdContext (this may indicate it is still resident in memory).
[59.610s] Simulation App Shutting Down
